Archive member included to satisfy reference by file (symbol)

c:/program files (x86)/gnu tools arm embedded/5.4 2016q2/bin/../lib/gcc/arm-none-eabi/5.4.1/../../../../arm-none-eabi/lib/armv7-m\libc.a(lib_a-exit.o)
                              c:/program files (x86)/gnu tools arm embedded/5.4 2016q2/bin/../lib/gcc/arm-none-eabi/5.4.1/../../../../arm-none-eabi/lib/armv7-m/crt0.o (exit)
c:/program files (x86)/gnu tools arm embedded/5.4 2016q2/bin/../lib/gcc/arm-none-eabi/5.4.1/../../../../arm-none-eabi/lib/armv7-m\libc.a(lib_a-impure.o)
                              c:/program files (x86)/gnu tools arm embedded/5.4 2016q2/bin/../lib/gcc/arm-none-eabi/5.4.1/../../../../arm-none-eabi/lib/armv7-m\libc.a(lib_a-exit.o) (_global_impure_ptr)
c:/program files (x86)/gnu tools arm embedded/5.4 2016q2/bin/../lib/gcc/arm-none-eabi/5.4.1/../../../../arm-none-eabi/lib/armv7-m\libc.a(lib_a-init.o)
                              c:/program files (x86)/gnu tools arm embedded/5.4 2016q2/bin/../lib/gcc/arm-none-eabi/5.4.1/../../../../arm-none-eabi/lib/armv7-m/crt0.o (__libc_init_array)
c:/program files (x86)/gnu tools arm embedded/5.4 2016q2/bin/../lib/gcc/arm-none-eabi/5.4.1/../../../../arm-none-eabi/lib/armv7-m\libc.a(lib_a-memset.o)
                              c:/program files (x86)/gnu tools arm embedded/5.4 2016q2/bin/../lib/gcc/arm-none-eabi/5.4.1/../../../../arm-none-eabi/lib/armv7-m/crt0.o (memset)
c:/program files (x86)/gnu tools arm embedded/5.4 2016q2/bin/../lib/gcc/arm-none-eabi/5.4.1/../../../../arm-none-eabi/lib/armv7-m\libc.a(lib_a-__call_atexit.o)
                              c:/program files (x86)/gnu tools arm embedded/5.4 2016q2/bin/../lib/gcc/arm-none-eabi/5.4.1/../../../../arm-none-eabi/lib/armv7-m\libc.a(lib_a-exit.o) (__call_exitprocs)
c:/program files (x86)/gnu tools arm embedded/5.4 2016q2/bin/../lib/gcc/arm-none-eabi/5.4.1/../../../../arm-none-eabi/lib/armv7-m\libc.a(lib_a-atexit.o)
                              c:/program files (x86)/gnu tools arm embedded/5.4 2016q2/bin/../lib/gcc/arm-none-eabi/5.4.1/../../../../arm-none-eabi/lib/armv7-m\libc.a(lib_a-__call_atexit.o) (atexit)
c:/program files (x86)/gnu tools arm embedded/5.4 2016q2/bin/../lib/gcc/arm-none-eabi/5.4.1/../../../../arm-none-eabi/lib/armv7-m\libc.a(lib_a-fini.o)
                              c:/program files (x86)/gnu tools arm embedded/5.4 2016q2/bin/../lib/gcc/arm-none-eabi/5.4.1/../../../../arm-none-eabi/lib/armv7-m\libc.a(lib_a-__call_atexit.o) (__libc_fini_array)
c:/program files (x86)/gnu tools arm embedded/5.4 2016q2/bin/../lib/gcc/arm-none-eabi/5.4.1/../../../../arm-none-eabi/lib/armv7-m\libc.a(lib_a-__atexit.o)
                              c:/program files (x86)/gnu tools arm embedded/5.4 2016q2/bin/../lib/gcc/arm-none-eabi/5.4.1/../../../../arm-none-eabi/lib/armv7-m\libc.a(lib_a-atexit.o) (__register_exitproc)
c:/program files (x86)/gnu tools arm embedded/5.4 2016q2/bin/../lib/gcc/arm-none-eabi/5.4.1/../../../../arm-none-eabi/lib/armv7-m\libm.a(lib_a-s_cos.o)
                              ..\obj\mds.o (cos)
c:/program files (x86)/gnu tools arm embedded/5.4 2016q2/bin/../lib/gcc/arm-none-eabi/5.4.1/../../../../arm-none-eabi/lib/armv7-m\libm.a(lib_a-s_sin.o)
                              ..\obj\mds.o (sin)
c:/program files (x86)/gnu tools arm embedded/5.4 2016q2/bin/../lib/gcc/arm-none-eabi/5.4.1/../../../../arm-none-eabi/lib/armv7-m\libm.a(lib_a-w_acos.o)
                              ..\obj\mds.o (acos)
c:/program files (x86)/gnu tools arm embedded/5.4 2016q2/bin/../lib/gcc/arm-none-eabi/5.4.1/../../../../arm-none-eabi/lib/armv7-m\libm.a(lib_a-w_pow.o)
                              ..\obj\mds.o (pow)
c:/program files (x86)/gnu tools arm embedded/5.4 2016q2/bin/../lib/gcc/arm-none-eabi/5.4.1/../../../../arm-none-eabi/lib/armv7-m\libm.a(lib_a-w_sqrt.o)
                              ..\obj\mds.o (sqrt)
c:/program files (x86)/gnu tools arm embedded/5.4 2016q2/bin/../lib/gcc/arm-none-eabi/5.4.1/../../../../arm-none-eabi/lib/armv7-m\libm.a(lib_a-e_acos.o)
                              c:/program files (x86)/gnu tools arm embedded/5.4 2016q2/bin/../lib/gcc/arm-none-eabi/5.4.1/../../../../arm-none-eabi/lib/armv7-m\libm.a(lib_a-w_acos.o) (__ieee754_acos)
c:/program files (x86)/gnu tools arm embedded/5.4 2016q2/bin/../lib/gcc/arm-none-eabi/5.4.1/../../../../arm-none-eabi/lib/armv7-m\libm.a(lib_a-e_pow.o)
                              c:/program files (x86)/gnu tools arm embedded/5.4 2016q2/bin/../lib/gcc/arm-none-eabi/5.4.1/../../../../arm-none-eabi/lib/armv7-m\libm.a(lib_a-w_pow.o) (__ieee754_pow)
c:/program files (x86)/gnu tools arm embedded/5.4 2016q2/bin/../lib/gcc/arm-none-eabi/5.4.1/../../../../arm-none-eabi/lib/armv7-m\libm.a(lib_a-e_rem_pio2.o)
                              c:/program files (x86)/gnu tools arm embedded/5.4 2016q2/bin/../lib/gcc/arm-none-eabi/5.4.1/../../../../arm-none-eabi/lib/armv7-m\libm.a(lib_a-s_cos.o) (__ieee754_rem_pio2)
[...]
Memory Configuration

Name             Origin             Length             Attributes
FLASH            0x08000000         0x00040000         xr
RAM              0x20000000         0x00010000         xrw
MEMORY_B1        0x60000000         0x00000000         xr
*default*        0x00000000         0xffffffff

Linker script and memory map

LOAD c:/program files (x86)/gnu tools arm embedded/5.4 2016q2/bin/../lib/gcc/arm-none-eabi/5.4.1/armv7-m/crti.o
LOAD c:/program files (x86)/gnu tools arm embedded/5.4 2016q2/bin/../lib/gcc/arm-none-eabi/5.4.1/armv7-m/crtbegin.o
LOAD c:/program files (x86)/gnu tools arm embedded/5.4 2016q2/bin/../lib/gcc/arm-none-eabi/5.4.1/../../../../arm-none-eabi/lib/armv7-m/crt0.o
                0x20010000                _estack = 0x20010000
                0x00000800                _Min_Heap_Size = 0x800
                0x00000800                _Min_Stack_Size = 0x800

.isr_vector     0x08000000      0x1e4
                0x08000000                . = ALIGN (0x4)
 *(.isr_vector)
 .isr_vector    0x08000000      0x1e4 ..\obj\startup_stm32f10x_cl.o
                0x08000000                g_pfnVectors
                0x080001e4                . = ALIGN (0x4)

.text           0x080001e8    0x1beec
                0x080001e8                . = ALIGN (0x4)
 *(.text)
 .text          0x080001e8       0x5c c:/program files (x86)/gnu tools arm embedded/5.4 2016q2/bin/../lib/gcc/arm-none-eabi/5.4.1/armv7-m/crtbegin.o
 .text          0x08000244      0x370 c:/program files (x86)/gnu tools arm embedded/5.4 2016q2/bin/../lib/gcc/arm-none-eabi/5.4.1/armv7-m\libgcc.a(_arm_addsubdf3.o)
                0x08000244                __aeabi_drsub
                0x0800024c                __aeabi_dsub
                0x0800024c                __subdf3
                0x08000250                __aeabi_dadd
                0x08000250                __adddf3
                0x080004c8                __floatunsidf
                0x080004c8                __aeabi_ui2d
                0x080004e8                __floatsidf
                0x080004e8                __aeabi_i2d
                0x0800050c                __aeabi_f2d
                0x0800050c                __extendsfdf2
                0x08000548                __floatundidf
                0x08000548                __aeabi_ul2d
                0x08000558                __floatdidf
                0x08000558                __aeabi_l2d
 .text          0x080005b4      0x424 c:/program files (x86)/gnu tools arm embedded/5.4 2016q2/bin/../lib/gcc/arm-none-eabi/5.4.1/armv7-m\libgcc.a(_arm_muldivdf3.o)
                0x080005b4                __aeabi_dmul
                0x080005b4                __muldf3
                0x08000808                __divdf3
                0x08000808                __aeabi_ddiv
 .text          0x080009d8      0x110 c:/program files (x86)/gnu tools arm embedded/5.4 2016q2/bin/../lib/gcc/arm-none-eabi/5.4.1/armv7-m\libgcc.a(_arm_cmpdf2.o)
                0x080009d8                __gtdf2
                0x080009d8                __gedf2
                0x080009e0                __ltdf2
                0x080009e0                __ledf2
                0x080009e8                __nedf2
                0x080009e8                __eqdf2
                0x080009e8                __cmpdf2
                0x08000a64                __aeabi_cdrcmple
                0x08000a74                __aeabi_cdcmpeq
                0x08000a74                __aeabi_cdcmple
                0x08000a84                __aeabi_dcmpeq
                0x08000a98                __aeabi_dcmplt
                0x08000aac                __aeabi_dcmple
                0x08000ac0                __aeabi_dcmpge
                0x08000ad4                __aeabi_dcmpgt
 .text          0x08000ae8       0x2c c:/program files (x86)/gnu tools arm embedded/5.4 2016q2/bin/../lib/gcc/arm-none-eabi/5.4.1/armv7-m\libgcc.a(_arm_unorddf2.o)
                0x08000ae8                __unorddf2
                0x08000ae8                __aeabi_dcmpun
 .text          0x08000b14       0x50 c:/program files (x86)/gnu tools arm embedded/5.4 2016q2/bin/../lib/gcc/arm-none-eabi/5.4.1/armv7-m\libgcc.a(_arm_fixdfsi.o)
                0x08000b14                __aeabi_d2iz
                0x08000b14                __fixdfsi
 .text          0x08000b64       0x30 c:/program files (x86)/gnu tools arm embedded/5.4 2016q2/bin/../lib/gcc/arm-none-eabi/5.4.1/armv7-m\libgcc.a(_fixdfdi.o)
                0x08000b64                __fixdfdi
                0x08000b64                __aeabi_d2lz
 .text          0x08000b94       0x48 c:/program files (x86)/gnu tools arm embedded/5.4 2016q2/bin/../lib/gcc/arm-none-eabi/5.4.1/armv7-m\libgcc.a(_fixunsdfdi.o)
                0x08000b94                __fixunsdfdi
                0x08000b94                __aeabi_d2ulz
 .text          0x08000bdc      0x9e4 c:/program files (x86)/gnu tools arm embedded/5.4 2016q2/bin/../lib/gcc/arm-none-eabi/5.4.1/armv7-m\libgcc.a(unwind-arm.o)
                0x08000e9c                _Unwind_GetCFA
                0x08000ea0                __gnu_Unwind_RaiseException
                0x08000f00                __gnu_Unwind_ForcedUnwind
                0x08000f14                __gnu_Unwind_Resume
                0x08000f58                __gnu_Unwind_Resume_or_Rethrow
                0x08000f6c                _Unwind_Complete
                0x08000f70                _Unwind_DeleteException
                0x08000f7c                _Unwind_VRS_Get
                0x08000fc8                _Unwind_VRS_Set
                0x08001018                __gnu_Unwind_Backtrace
                0x08001364                __aeabi_unwind_cpp_pr0
                0x08001368                __aeabi_unwind_cpp_pr1
                0x0800136c                __aeabi_unwind_cpp_pr2
                0x08001370                _Unwind_VRS_Pop
 .text          0x080015c0      0x1ac c:/program files (x86)/gnu tools arm embedded/5.4 2016q2/bin/../lib/gcc/arm-none-eabi/5.4.1/armv7-m\libgcc.a(libunwind.o)
                0x080015c0                __restore_core_regs
                0x080015c0                restore_core_regs
                0x080015d8                __gnu_Unwind_Restore_VFP
                0x080015e0                __gnu_Unwind_Save_VFP
                0x080015e8                __gnu_Unwind_Restore_VFP_D
                0x080015f0                __gnu_Unwind_Save_VFP_D
                0x080015f8                __gnu_Unwind_Restore_VFP_D_16_to_31
                0x08001600                __gnu_Unwind_Save_VFP_D_16_to_31
                0x08001608                __gnu_Unwind_Restore_WMMXD
                0x0800164c                __gnu_Unwind_Save_WMMXD
                0x08001690                __gnu_Unwind_Restore_WMMXC
                0x080016a4                __gnu_Unwind_Save_WMMXC
                0x080016b8                ___Unwind_RaiseException
                0x080016b8                _Unwind_RaiseException
                0x080016dc                _Unwind_Resume
                0x080016dc                ___Unwind_Resume
                0x08001700                _Unwind_Resume_or_Rethrow
                0x08001700                ___Unwind_Resume_or_Rethrow
                0x08001724                _Unwind_ForcedUnwind
                0x08001724                ___Unwind_ForcedUnwind
                0x08001748                ___Unwind_Backtrace
                0x08001748                _Unwind_Backtrace
 .text          0x0800176c      0x354 c:/program files (x86)/gnu tools arm embedded/5.4 2016q2/bin/../lib/gcc/arm-none-eabi/5.4.1/armv7-m\libgcc.a(pr-support.o)
                0x080017c4                __gnu_unwind_execute
                0x08001a68                __gnu_unwind_frame
                0x08001a90                _Unwind_GetRegionStart
                0x08001a9c                _Unwind_GetLanguageSpecificData
                0x08001ab0                _Unwind_GetTextRelBase
                0x08001ab8                _Unwind_GetDataRelBase
 .text          0x08001ac0       0x40 c:/program files (x86)/gnu tools arm embedded/5.4 2016q2/bin/../lib/gcc/arm-none-eabi/5.4.1/armv7-m\libgcc.a(_arm_fixunsdfsi.o)
                0x08001ac0                __aeabi_d2uiz
                0x08001ac0                __fixunsdfsi
 .text          0x08001b00       0xec c:/program files (x86)/gnu tools arm embedded/5.4 2016q2/bin/../lib/gcc/arm-none-eabi/5.4.1/../../../../arm-none-eabi/lib/armv7-m\libc.a(lib_a-memcpy.o)
                0x08001b00                memcpy
 .text          0x08001bec       0x30 c:/program files (x86)/gnu tools arm embedded/5.4 2016q2/bin/../lib/gcc/arm-none-eabi/5.4.1/armv7-m\libgcc.a(_aeabi_uldivmod.o)
                0x08001bec                __aeabi_uldivmod
 .text          0x08001c1c      0x2ec c:/program files (x86)/gnu tools arm embedded/5.4 2016q2/bin/../lib/gcc/arm-none-eabi/5.4.1/armv7-m\libgcc.a(_udivmoddi4.o)
                0x08001c1c                __udivmoddi4
 .text          0x08001f08        0x4 c:/program files (x86)/gnu tools arm embedded/5.4 2016q2/bin/../lib/gcc/arm-none-eabi/5.4.1/armv7-m\libgcc.a(_dvmd_tls.o)
                0x08001f08                __aeabi_idiv0
                0x08001f08                __aeabi_ldiv0
 *(.text*)
 .text.__libc_init_array
                0x08001f0c       0x50 c:/program files (x86)/gnu tools arm embedded/5.4 2016q2/bin/../lib/gcc/arm-none-eabi/5.4.1/../../../../arm-none-eabi/lib/armv7-m\libc.a(lib_a-init.o)
                0x08001f0c                __libc_init_array
 .text.memset   0x08001f5c       0x9c c:/program files (x86)/gnu tools arm embedded/5.4 2016q2/bin/../lib/gcc/arm-none-eabi/5.4.1/../../../../arm-none-eabi/lib/armv7-m\libc.a(lib_a-memset.o)
                0x08001f5c                memset
 .text.startup.register_fini
                0x08001ff8       0x14 c:/program files (x86)/gnu tools arm embedded/5.4 2016q2/bin/../lib/gcc/arm-none-eabi/5.4.1/../../../../arm-none-eabi/lib/armv7-m\libc.a(lib_a-__call_atexit.o)
 .text.atexit   0x0800200c        0xc c:/program files (x86)/gnu tools arm embedded/5.4 2016q2/bin/../lib/gcc/arm-none-eabi/5.4.1/../../../../arm-none-eabi/lib/armv7-m\libc.a(lib_a-atexit.o)
                0x0800200c                atexit
 .text.__libc_fini_array
                0x08002018       0x28 c:/program files (x86)/gnu tools arm embedded/5.4 2016q2/bin/../lib/gcc/arm-none-eabi/5.4.1/../../../../arm-none-eabi/lib/armv7-m\libc.a(lib_a-fini.o)
                0x08002018                __libc_fini_array
 .text.__register_exitproc
                0x08002040       0xa4 c:/program files (x86)/gnu tools arm embedded/5.4 2016q2/bin/../lib/gcc/arm-none-eabi/5.4.1/../../../../arm-none-eabi/lib/armv7-m\libc.a(lib_a-__atexit.o)
                0x08002040                __register_exitproc
 .text.RTC_WaitForLastTask
                0x080020e4       0x20 ..\obj\stm32f10x_rtc.o
                0x080020e4                RTC_WaitForLastTask
 .text.RTC_GetITStatus
                0x08002104       0x50 ..\obj\stm32f10x_rtc.o
                0x08002104                RTC_GetITStatus
 .text.RTC_ClearITPendingBit
                0x08002154       0x2c ..\obj\stm32f10x_rtc.o
                0x08002154                RTC_ClearITPendingBit
 .text.USB_OTG_WritePacket
                0x08002180       0x74 ..\obj\usb_core.o
                0x08002180                USB_OTG_WritePacket
 .text.USB_OTG_ReadPacket
                0x080021f4       0x58 ..\obj\usb_core.o
                0x080021f4                USB_OTG_ReadPacket
 .text.USB_OTG_FlushTxFifo
                0x0800224c       0x74 ..\obj\usb_core.o
                0x0800224c                USB_OTG_FlushTxFifo
 .text.USB_OTG_GetMode
                0x080022c0       0x1c ..\obj\usb_core.o
                0x080022c0                USB_OTG_GetMode
 .text.USB_OTG_IsDeviceMode
                0x080022dc       0x24 ..\obj\usb_core.o
                0x080022dc                USB_OTG_IsDeviceMode
 .text.USB_OTG_ReadCoreItr
                0x08002300       0x2c ..\obj\usb_core.o
                0x08002300                USB_OTG_ReadCoreItr
 .text.USB_OTG_GetDeviceSpeed
                0x0800232c       0x48 ..\obj\usb_core.o
                0x0800232c                USB_OTG_GetDeviceSpeed
 .text.USB_OTG_EP0Activate
                0x08002374       0x74 ..\obj\usb_core.o
                0x08002374                USB_OTG_EP0Activate
 .text.USB_OTG_EPActivate
                0x080023e8       0xdc ..\obj\usb_core.o
                0x080023e8                USB_OTG_EPActivate
 .text.USB_OTG_EPStartXfer
                0x080024c4      0x280 ..\obj\usb_core.o
                0x080024c4                USB_OTG_EPStartXfer
 .text.USB_OTG_EP0StartXfer
                0x08002744      0x1d4 ..\obj\usb_core.o
                0x08002744                USB_OTG_EP0StartXfer
 .text.USB_OTG_EPSetStall
                0x08002918       0x84 ..\obj\usb_core.o
                0x08002918                USB_OTG_EPSetStall
 .text.USB_OTG_EPClearStall
                0x0800299c       0x74 ..\obj\usb_core.o
                0x0800299c                USB_OTG_EPClearStall
 .text.USB_OTG_ReadDevAllOutEp_itr
                0x08002a10       0x2c ..\obj\usb_core.o
                0x08002a10                USB_OTG_ReadDevAllOutEp_itr
 .text.USB_OTG_ReadDevOutEP_itr
                0x08002a3c       0x34 ..\obj\usb_core.o
                0x08002a3c                USB_OTG_ReadDevOutEP_itr
 .text.USB_OTG_ReadDevAllInEPItr
                0x08002a70       0x2c ..\obj\usb_core.o
                0x08002a70                USB_OTG_ReadDevAllInEPItr
 .text.USB_OTG_EP0_OutStart
                0x08002a9c       0x70 ..\obj\usb_core.o
                0x08002a9c                USB_OTG_EP0_OutStart
 .text.USB_OTG_UngateClock
                0x08002b0c       0x54 ..\obj\usb_core.o
                0x08002b0c                USB_OTG_UngateClock
 .text.plug_holes
                0x08002b60       0xbc ..\obj\mem.o
 .text.mem_init
                0x08002c1c       0x84 ..\obj\mem.o
                0x08002c1c                mem_init
 .text.mem_free
                0x08002ca0       0x68 ..\obj\mem.o
                0x08002ca0                mem_free
 .text.mem_realloc
                0x08002d08      0x178 ..\obj\mem.o
                0x08002d08                mem_realloc
 .text.mem_malloc
                0x08002e80      0x14c ..\obj\mem.o
                0x08002e80                mem_malloc
 .text.TIM_GetITStatus
                0x08002fcc       0x54 ..\obj\stm32f10x_tim.o
                0x08002fcc                TIM_GetITStatus
 .text.TIM_ClearITPendingBit
                0x08003020       0x20 ..\obj\stm32f10x_tim.o
                0x08003020                TIM_ClearITPendingBit
 .text.main_mds
                0x08003040       0xf8 ..\obj\mds.o
                0x08003040                main_mds
 .text.mul      0x08003138      0x118 ..\obj\mds.o
                0x08003138                mul
 .text.mds      0x08003250      0x7e0 ..\obj\mds.o
                0x08003250                mds
 .text.svd      0x08003a30     0x1fbc ..\obj\svd1.o
                0x08003a30                svd
 .text.xswap    0x080059ec       0x74 ..\obj\svd1.o
                0x080059ec                xswap
 .text.xscal    0x08005a60       0x5c ..\obj\svd1.o
                0x08005a60                xscal
 .text.xrotg    0x08005abc      0x1ec ..\obj\svd1.o
                0x08005abc                xrotg
 .text.xrot     0x08005ca8       0xe8 ..\obj\svd1.o
                0x08005ca8                xrot
 .text.b_xnrm2  0x08005d90      0x150 ..\obj\svd1.o
                0x08005d90                b_xnrm2
 .text.xnrm2    0x08005ee0      0x150 ..\obj\svd1.o
                0x08005ee0                xnrm2
 .text.xdotc    0x08006030       0x98 ..\obj\svd1.o
                0x08006030                xdotc
 .text.b_xaxpy  0x080060c8       0x98 ..\obj\svd1.o
                0x080060c8                b_xaxpy
 .text.c_xaxpy  0x08006160       0x98 ..\obj\svd1.o
                0x08006160                c_xaxpy
 .text.xaxpy    0x080061f8       0x98 ..\obj\svd1.o
                0x080061f8                xaxpy
 .text.tcp_close
                0x08006290      0x170 ..\obj\tcp.o
                0x08006290                tcp_close
 .text.tcp_abandon
                0x08006400       0xe0 ..\obj\tcp.o
                0x08006400                tcp_abandon
 .text.tcp_bind
                0x080064e0      0x184 ..\obj\tcp.o
                0x080064e0                tcp_bind
 .text.tcp_update_rcv_ann_wnd
                0x08006664       0x70 ..\obj\tcp.o
                0x08006664                tcp_update_rcv_ann_wnd
 .text.tcp_recved
                0x080066d4       0x64 ..\obj\tcp.o
                0x080066d4                tcp_recved
 .text.tcp_new_port
                0x08006738       0xa8 ..\obj\tcp.o
 .text.tcp_connect
                0x080067e0      0x180 ..\obj\tcp.o
                0x080067e0                tcp_connect
 .text.tcp_segs_free
                0x08006960       0x38 ..\obj\tcp.o
                0x08006960                tcp_segs_free
 .text.tcp_seg_free
                0x08006998       0x3c ..\obj\tcp.o
                0x08006998                tcp_seg_free
 .text.tcp_recv_null
                0x080069d4       0x38 ..\obj\tcp.o
 .text.tcp_kill_prio
                0x08006a0c       0x84 ..\obj\tcp.o
 .text.tcp_kill_timewait
                0x08006a90       0x60 ..\obj\tcp.o
 .text.tcp_alloc
                0x08006af0      0x10c ..\obj\tcp.o
                0x08006af0                tcp_alloc
 .text.tcp_new  0x08006bfc       0x10 ..\obj\tcp.o
                0x08006bfc                tcp_new
 .text.tcp_recv
                0x08006c0c       0x1c ..\obj\tcp.o
                0x08006c0c                tcp_recv
 .text.tcp_pcb_purge
                0x08006c28       0x64 ..\obj\tcp.o
                0x08006c28                tcp_pcb_purge
 .text.tcp_pcb_remove
                0x08006c8c       0xb8 ..\obj\tcp.o
                0x08006c8c                tcp_pcb_remove
 .text.tcp_next_iss
                0x08006d44       0x28 ..\obj\tcp.o
                0x08006d44                tcp_next_iss
 .text.tcp_eff_send_mss
                0x08006d6c       0x40 ..\obj\tcp.o
                0x08006d6c                tcp_eff_send_mss
 .text.sleep    0x08006dac       0x38 ..\obj\unistd.o
                0x08006dac                sleep
 .text.usleep   0x08006de4       0x3c ..\obj\unistd.o
                0x08006de4                usleep
 .text.__get_MSP
                0x08006e20       0x10 ..\obj\core_cm3.o
                0x08006e20                __get_MSP
 .text.USB_OTG_BSP_uDelay
                0x08006e30       0x48 ..\obj\deca_usb_bsp_evk1000.o
                0x08006e30                USB_OTG_BSP_uDelay
 .text.tcp_input
                0x08006e78      0x5bc ..\obj\tcp_in.o
                0x08006e78                tcp_input
 .text.tcp_listen_input
                0x08007434      0x1a4 ..\obj\tcp_in.o
 .text.tcp_timewait_input
                0x080075d8       0x68 ..\obj\tcp_in.o
 .text.tcp_process
                0x08007640      0x6e4 ..\obj\tcp_in.o
 .text.tcp_receive
                0x08007d24      0x92c ..\obj\tcp_in.o
 .text.tcp_parseopt
                0x08008650      0x108 ..\obj\tcp_in.o
 .text.get_tx_timestamp_u64
                0x08008758       0x68 ..\obj\appinit.o
                0x08008758                get_tx_timestamp_u64
 .text.get_rx_timestamp_u64
                0x080087c0       0x68 ..\obj\appinit.o
                0x080087c0                get_rx_timestamp_u64
 .text.final_msg_get_ts
                0x08008828       0x48 ..\obj\appinit.o
                0x08008828                final_msg_get_ts
 .text.final_msg_set_ts
                0x08008870       0x44 ..\obj\appinit.o
                0x08008870                final_msg_set_ts
 .text.CheckMessage
                0x080088b4       0x5c ..\obj\appinit.o
                0x080088b4                CheckMessage
 .text.MessageSet
                0x08008910       0x7c ..\obj\appinit.o
                0x08008910                MessageSet
 .text.GetAverage
                0x0800898c       0xfc ..\obj\appinit.o
                0x0800898c                GetAverage
 .text.AreaCoordInfor_2_tx_coordmsgFrame
                0x08008a88      0x6b8 ..\obj\appinit.o
                0x08008a88                AreaCoordInfor_2_tx_coordmsgFrame
 .text.FrameInfor_2_AreaCoordArray
                0x08009140      0x700 ..\obj\appinit.o
                0x08009140                FrameInfor_2_AreaCoordArray
 .text.CoordEstablish_Init
                0x08009840      0x454 ..\obj\appinit.o
                0x08009840                CoordEstablish_Init
 .text.CoordEstablish_Resp
                0x08009c94      0x348 ..\obj\appinit.o
                0x08009c94                CoordEstablish_Resp
 *fill*         0x08009fdc        0x4 
 .text.MasterAnchorCoordestablish
                0x08009fe0      0x380 ..\obj\appinit.o
                0x08009fe0                MasterAnchorCoordestablish
 .text.SlaveAnchorCoordestablish
                0x0800a360      0x124 ..\obj\appinit.o
                0x0800a360                SlaveAnchorCoordestablish
 .text.SelectCellCoordEstablishID
                0x0800a484       0x6c ..\obj\appinit.o
                0x0800a484                SelectCellCoordEstablishID
 .text.SingleCellCoordResultTransmit2A0
                0x0800a4f0      0x558 ..\obj\appinit.o
                0x0800a4f0                SingleCellCoordResultTransmit2A0
 .text.CoordEstablish
                0x0800aa48       0xb4 ..\obj\appinit.o
                0x0800aa48                CoordEstablish
 .text.CoordSwitch2CellOne
                0x0800aafc      0x2ec ..\obj\appinit.o
                0x0800aafc                CoordSwitch2CellOne
 .text.SwitchedAreaCoordInfor_2_tx_coordmsgFrame
                0x0800ade8      0x988 ..\obj\appinit.o
                0x0800ade8                SwitchedAreaCoordInfor_2_tx_coordmsgFrame
 .text.FrameInfor_2_UnderCellOneCoordResultArr
                0x0800b770      0x830 ..\obj\appinit.o
                0x0800b770                FrameInfor_2_UnderCellOneCoordResultArr
 .text.CoordSwitchResultTransmitFrom_A0_To_OtherCellMasteranchor
                0x0800bfa0      0x2fc ..\obj\appinit.o
                0x0800bfa0                CoordSwitchResultTransmitFrom_A0_To_OtherCellMasteranchor
 .text.SystemInit
                0x0800c29c       0x7c ..\obj\system_stm32f10x.o
                0x0800c29c                SystemInit
 .text.SetSysClock
                0x0800c318        0xc ..\obj\system_stm32f10x.o
 .text.SetSysClockTo72
                0x0800c324      0x138 ..\obj\system_stm32f10x.o
 .text.memp_init
                0x0800c45c       0x98 ..\obj\memp.o
                0x0800c45c                memp_init
 .text.memp_malloc
                0x0800c4f4       0x40 ..\obj\memp.o
                0x0800c4f4                memp_malloc
 .text.memp_free
                0x0800c534       0x3c ..\obj\memp.o
                0x0800c534                memp_free
 .text.TCP_Client_Send_Data
                0x0800c570       0x30 ..\obj\TCP_CLIENT.o
                0x0800c570                TCP_Client_Send_Data
 .text.Check_TCP_Connect
                0x0800c5a0       0x7c ..\obj\TCP_CLIENT.o
                0x0800c5a0                Check_TCP_Connect
 .text._Z13TCP_ConnectedPvP7tcp_pcba
                0x0800c61c       0x1c ..\obj\TCP_CLIENT.o
                0x0800c61c                TCP_Connected(void*, tcp_pcb*, signed char)
 .text.TCP_Client_Recv
                0x0800c638       0x54 ..\obj\TCP_CLIENT.o
                0x0800c638                TCP_Client_Recv
 .text.TCP_Client_Init
                0x0800c68c       0x98 ..\obj\TCP_CLIENT.o
                0x0800c68c                TCP_Client_Init
 .text.ip_reass_free_complete_datagram
                0x0800c724       0xbc ..\obj\ip_frag.o
 .text.ip_reass_remove_oldest_datagram
                0x0800c7e0       0xb8 ..\obj\ip_frag.o
 .text.ip_reass_enqueue_new_datagram
                0x0800c898       0x74 ..\obj\ip_frag.o
 .text.ip_reass_dequeue_datagram
                0x0800c90c       0x3c ..\obj\ip_frag.o
 .text.ip_reass_chain_frag_into_datagram_and_validate
                0x0800c948      0x20c ..\obj\ip_frag.o
 .text.ip_reass
                0x0800cb54      0x264 ..\obj\ip_frag.o
                0x0800cb54                ip_reass
 .text.ip_frag  0x0800cdb8      0x1a8 ..\obj\ip_frag.o
                0x0800cdb8                ip_frag
 .text.dwt_initialise
                0x0800cf60      0x2b4 ..\obj\deca_device.o
                0x0800cf60                dwt_initialise
 .text.dwt_readdevid
                0x0800d214       0x14 ..\obj\deca_device.o
                0x0800d214                dwt_readdevid
 .text.dwt_configure
                0x0800d228      0x300 ..\obj\deca_device.o
                0x0800d228                dwt_configure
 .text.dwt_setrxantennadelay
                0x0800d528       0x2c ..\obj\deca_device.o
                0x0800d528                dwt_setrxantennadelay
 .text.dwt_settxantennadelay
                0x0800d554       0x2c ..\obj\deca_device.o
                0x0800d554                dwt_settxantennadelay
 .text.dwt_writetxdata
                0x0800d580       0x20 ..\obj\deca_device.o
                0x0800d580                dwt_writetxdata
 .text.dwt_writetxfctrl
                0x0800d5a0       0x1c ..\obj\deca_device.o
                0x0800d5a0                dwt_writetxfctrl
 .text.dwt_readrxdata
                0x0800d5bc       0x14 ..\obj\deca_device.o
                0x0800d5bc                dwt_readrxdata
 .text.dwt_readtxtimestamp
                0x0800d5d0        0xc ..\obj\deca_device.o
                0x0800d5d0                dwt_readtxtimestamp
 .text.dwt_readrxtimestamp
                0x0800d5dc        0xc ..\obj\deca_device.o
                0x0800d5dc                dwt_readrxtimestamp
 .text.dwt_writetodevice
                0x0800d5e8       0x58 ..\obj\deca_device.o
                0x0800d5e8                dwt_writetodevice
 .text.dwt_readfromdevice
                0x0800d640       0x54 ..\obj\deca_device.o
                0x0800d640                dwt_readfromdevice
 .text.dwt_read32bitoffsetreg
                0x0800d694       0x44 ..\obj\deca_device.o
                0x0800d694                dwt_read32bitoffsetreg
 .text.dwt_read16bitoffsetreg
                0x0800d6d8       0x30 ..\obj\deca_device.o
                0x0800d6d8                dwt_read16bitoffsetreg
 .text.dwt_write16bitoffsetreg
                0x0800d708       0x20 ..\obj\deca_device.o
                0x0800d708                dwt_write16bitoffsetreg
 .text.dwt_write32bitoffsetreg
                0x0800d728       0x30 ..\obj\deca_device.o
                0x0800d728                dwt_write32bitoffsetreg
 .text._dwt_otpread
                0x0800d758       0x4c ..\obj\deca_device.o
                0x0800d758                _dwt_otpread
 .text.dwt_entersleepaftertx
                0x0800d7a4       0x30 ..\obj\deca_device.o
                0x0800d7a4                dwt_entersleepaftertx
 .text._dwt_configlde
                0x0800d7d4       0x40 ..\obj\deca_device.o
                0x0800d7d4                _dwt_configlde
 .text._dwt_loaducodefromrom
                0x0800d814       0x3c ..\obj\deca_device.o
                0x0800d814                _dwt_loaducodefromrom
 .text.dwt_setrxaftertxdelay
                0x0800d850       0x24 ..\obj\deca_device.o
                0x0800d850                dwt_setrxaftertxdelay
 .text.dwt_setleds
                0x0800d874       0xc4 ..\obj\deca_device.o
                0x0800d874                dwt_setleds
 .text._dwt_enableclocks
                0x0800d938       0xe4 ..\obj\deca_device.o
                0x0800d938                _dwt_enableclocks
 .text.dwt_setdelayedtrxtime
                0x0800da1c        0xc ..\obj\deca_device.o
                0x0800da1c                dwt_setdelayedtrxtime
 .text.dwt_starttx
                0x0800da28       0xa8 ..\obj\deca_device.o
                0x0800da28                dwt_starttx
 .text.dwt_forcetrxoff
                0x0800dad0       0x64 ..\obj\deca_device.o
                0x0800dad0                dwt_forcetrxoff
 .text.dwt_syncrxbufptrs
                0x0800db34       0x34 ..\obj\deca_device.o
                0x0800db34                dwt_syncrxbufptrs
 .text.dwt_rxenable
                0x0800db68       0x5c ..\obj\deca_device.o
                0x0800db68                dwt_rxenable
 .text.dwt_setrxtimeout
                0x0800dbc4       0x64 ..\obj\deca_device.o
                0x0800dbc4                dwt_setrxtimeout
 .text.dwt_rxreset
                0x0800dc28       0x30 ..\obj\deca_device.o
                0x0800dc28                dwt_rxreset
 .text.dwt_xtaltrim
                0x0800dc58       0x38 ..\obj\deca_device.o
                0x0800dc58                dwt_xtaltrim
 .text.writetospi_serial
                0x0800dc90       0x74 ..\obj\deca_spi.o
                0x0800dc90                writetospi_serial
 .text.readfromspi_serial
                0x0800dd04       0x78 ..\obj\deca_spi.o
                0x0800dd04                readfromspi_serial
 .text.GPIO_Init
                0x0800dd7c      0x178 ..\obj\stm32f10x_gpio.o
                0x0800dd7c                GPIO_Init
 .text.GPIO_SetBits
                0x0800def4       0x1c ..\obj\stm32f10x_gpio.o
                0x0800def4                GPIO_SetBits
 .text.GPIO_ResetBits
                0x0800df10       0x1c ..\obj\stm32f10x_gpio.o
                0x0800df10                GPIO_ResetBits
 .text.GPIO_PinRemapConfig
                0x0800df2c       0xe0 ..\obj\stm32f10x_gpio.o
                0x0800df2c                GPIO_PinRemapConfig
 .text.GPIO_EXTILineConfig
                0x0800e00c       0x84 ..\obj\stm32f10x_gpio.o
                0x0800e00c                GPIO_EXTILineConfig
 .text.GPIO_ETH_MediaInterfaceConfig
                0x0800e090       0x1c ..\obj\stm32f10x_gpio.o
                0x0800e090                GPIO_ETH_MediaInterfaceConfig
 .text.ip_addr_isbroadcast
                0x0800e0ac       0x7c ..\obj\ip_addr.o
                0x0800e0ac                ip_addr_isbroadcast
 .text.lwip_standard_chksum
                0x0800e128       0x9c ..\obj\inet_chksum.o
 .text.inet_chksum
                0x0800e1c4       0x24 ..\obj\inet_chksum.o
                0x0800e1c4                inet_chksum
 .text.inet_chksum_pbuf
                0x0800e1e8       0x94 ..\obj\inet_chksum.o
                0x0800e1e8                inet_chksum_pbuf
 .text.USBD_SetupStage
                0x0800e27c       0x6c ..\obj\usbd_core.o
 .text.USBD_DataOutStage
                0x0800e2e8       0xcc ..\obj\usbd_core.o
 .text.USBD_DataInStage
                0x0800e3b4      0x11c ..\obj\usbd_core.o
 .text.USBD_RunTestMode
                0x0800e4d0       0x24 ..\obj\usbd_core.o
 .text.USBD_Reset
                0x0800e4f4       0x44 ..\obj\usbd_core.o
 .text.USBD_Resume
                0x0800e538       0x30 ..\obj\usbd_core.o
 .text.USBD_Suspend
                0x0800e568       0x30 ..\obj\usbd_core.o
 .text.USBD_SOF
                0x0800e598       0x2c ..\obj\usbd_core.o
 .text.USBD_SetCfg
                0x0800e5c4       0x30 ..\obj\usbd_core.o
                0x0800e5c4                USBD_SetCfg
 .text.USBD_ClrCfg
                0x0800e5f4       0x28 ..\obj\usbd_core.o
                0x0800e5f4                USBD_ClrCfg
 .text.USBD_IsoINIncomplete
                0x0800e61c       0x20 ..\obj\usbd_core.o
 .text.USBD_IsoOUTIncomplete
                0x0800e63c       0x20 ..\obj\usbd_core.o
 .text.USBD_DevConnected
                0x0800e65c       0x24 ..\obj\usbd_core.o
 .text.USBD_DevDisconnected
                0x0800e680       0x34 ..\obj\usbd_core.o
 .text.Time_Update
                0x0800e6b4       0x1c ..\obj\main.o
                0x0800e6b4                Time_Update
 .text.sleep_ms
                0x0800e6d0       0x2c ..\obj\main.o
                0x0800e6d0                sleep_ms
 .text.TcpTx    0x0800e6fc       0x30 ..\obj\main.o
                0x0800e6fc                TcpTx
 .text.startup.main
                0x0800e72c       0xf0 ..\obj\main.o
                0x0800e72c                main
 .text.LwIP_Init
                0x0800e81c       0x9c ..\obj\netconf.o
                0x0800e81c                LwIP_Init
 .text.LwIP_Pkt_Handle
                0x0800e8b8       0x14 ..\obj\netconf.o
                0x0800e8b8                LwIP_Pkt_Handle
 .text.My_IP4_ADDR
                0x0800e8cc       0x44 ..\obj\netconf.o
                0x0800e8cc                My_IP4_ADDR
 .text.rtIsNaN  0x0800e910       0x2c ..\obj\rtGetInf.o
                0x0800e910                rtIsNaN
 .text.Set_MAC_Address
                0x0800e93c       0x4c ..\obj\ethernetif.o
                0x0800e93c                Set_MAC_Address
 .text.low_level_init
                0x0800e988       0xd8 ..\obj\ethernetif.o
 .text.low_level_output
                0x0800ea60       0x5c ..\obj\ethernetif.o
 .text.low_level_input
                0x0800eabc       0xa8 ..\obj\ethernetif.o
 .text.ethernetif_input
                0x0800eb64       0x48 ..\obj\ethernetif.o
                0x0800eb64                ethernetif_input
 .text.ethernetif_init
                0x0800ebac       0x60 ..\obj\ethernetif.o
                0x0800ebac                ethernetif_init
 .text.ETH_RxPkt_ChainMode
                0x0800ec0c       0xe4 ..\obj\ethernetif.o
                0x0800ec0c                ETH_RxPkt_ChainMode
 .text.ETH_TxPkt_ChainMode
                0x0800ecf0       0x90 ..\obj\ethernetif.o
                0x0800ecf0                ETH_TxPkt_ChainMode
 .text.ETH_GetCurrentTxBuffer
                0x0800ed80       0x18 ..\obj\ethernetif.o
                0x0800ed80                ETH_GetCurrentTxBuffer
 .text.RCC_DeInit
                0x0800ed98       0x70 ..\obj\stm32f10x_rcc.o
                0x0800ed98                RCC_DeInit
 .text.RCC_HSEConfig
                0x0800ee08       0x5c ..\obj\stm32f10x_rcc.o
                0x0800ee08                RCC_HSEConfig
 .text.RCC_WaitForHSEStartUp
                0x0800ee64       0x50 ..\obj\stm32f10x_rcc.o
                0x0800ee64                RCC_WaitForHSEStartUp
 .text.RCC_PLLConfig
                0x0800eeb4       0x3c ..\obj\stm32f10x_rcc.o
                0x0800eeb4                RCC_PLLConfig
 .text.RCC_PLLCmd
                0x0800eef0       0x20 ..\obj\stm32f10x_rcc.o
                0x0800eef0                RCC_PLLCmd
 .text.RCC_PREDIV1Config
                0x0800ef10       0x40 ..\obj\stm32f10x_rcc.o
                0x0800ef10                RCC_PREDIV1Config
 .text.RCC_PREDIV2Config
                0x0800ef50       0x38 ..\obj\stm32f10x_rcc.o
                0x0800ef50                RCC_PREDIV2Config
 .text.RCC_PLL2Config
                0x0800ef88       0x38 ..\obj\stm32f10x_rcc.o
                0x0800ef88                RCC_PLL2Config
 .text.RCC_PLL2Cmd
                0x0800efc0       0x20 ..\obj\stm32f10x_rcc.o
                0x0800efc0                RCC_PLL2Cmd
 .text.RCC_PLL3Config
                0x0800efe0       0x38 ..\obj\stm32f10x_rcc.o
                0x0800efe0                RCC_PLL3Config
 .text.RCC_PLL3Cmd
                0x0800f018       0x20 ..\obj\stm32f10x_rcc.o
                0x0800f018                RCC_PLL3Cmd
 .text.RCC_SYSCLKConfig
                0x0800f038       0x38 ..\obj\stm32f10x_rcc.o
                0x0800f038                RCC_SYSCLKConfig
 .text.RCC_GetSYSCLKSource
                0x0800f070       0x1c ..\obj\stm32f10x_rcc.o
                0x0800f070                RCC_GetSYSCLKSource
 .text.RCC_HCLKConfig
                0x0800f08c       0x38 ..\obj\stm32f10x_rcc.o
                0x0800f08c                RCC_HCLKConfig
 .text.RCC_PCLK1Config
                0x0800f0c4       0x38 ..\obj\stm32f10x_rcc.o
                0x0800f0c4                RCC_PCLK1Config
 .text.RCC_PCLK2Config
                0x0800f0fc       0x38 ..\obj\stm32f10x_rcc.o
                0x0800f0fc                RCC_PCLK2Config
 .text.RCC_ADCCLKConfig
                0x0800f134       0x38 ..\obj\stm32f10x_rcc.o
                0x0800f134                RCC_ADCCLKConfig
 .text.RCC_GetClocksFreq
                0x0800f16c      0x1c8 ..\obj\stm32f10x_rcc.o
                0x0800f16c                RCC_GetClocksFreq
 .text.RCC_AHBPeriphClockCmd
                0x0800f334       0x3c ..\obj\stm32f10x_rcc.o
                0x0800f334                RCC_AHBPeriphClockCmd
 .text.RCC_APB2PeriphClockCmd
                0x0800f370       0x3c ..\obj\stm32f10x_rcc.o
                0x0800f370                RCC_APB2PeriphClockCmd
 .text.RCC_AHBPeriphResetCmd
                0x0800f3ac       0x3c ..\obj\stm32f10x_rcc.o
                0x0800f3ac                RCC_AHBPeriphResetCmd
 .text.RCC_APB2PeriphResetCmd
                0x0800f3e8       0x3c ..\obj\stm32f10x_rcc.o
                0x0800f3e8                RCC_APB2PeriphResetCmd
 .text.RCC_APB1PeriphResetCmd
                0x0800f424       0x3c ..\obj\stm32f10x_rcc.o
                0x0800f424                RCC_APB1PeriphResetCmd
 .text.RCC_MCOConfig
                0x0800f460       0x20 ..\obj\stm32f10x_rcc.o
                0x0800f460                RCC_MCOConfig
 .text.RCC_GetFlagStatus
                0x0800f480       0x74 ..\obj\stm32f10x_rcc.o
                0x0800f480                RCC_GetFlagStatus
 .text.free_etharp_q
                0x0800f4f4       0x34 ..\obj\etharp.o
 .text.find_entry
                0x0800f528      0x2dc ..\obj\etharp.o
 .text.etharp_send_ip
                0x0800f804       0x68 ..\obj\etharp.o
 .text.update_arp_entry
                0x0800f86c      0x154 ..\obj\etharp.o
 .text.etharp_ip_input
                0x0800f9c0       0x4c ..\obj\etharp.o
                0x0800f9c0                etharp_ip_input
 .text.etharp_arp_input
                0x0800fa0c      0x1a8 ..\obj\etharp.o
                0x0800fa0c                etharp_arp_input
 .text.etharp_output
                0x0800fbb4       0xfc ..\obj\etharp.o
                0x0800fbb4                etharp_output
 .text.etharp_query
                0x0800fcb0      0x250 ..\obj\etharp.o
                0x0800fcb0                etharp_query
 .text.etharp_raw
                0x0800ff00      0x108 ..\obj\etharp.o
 .text.etharp_request
                0x08010008       0x44 ..\obj\etharp.o
                0x08010008                etharp_request
 .text.ethernet_input
                0x0801004c       0x84 ..\obj\etharp.o
                0x0801004c                ethernet_input
 .text.Reset_Handler
                0x080100d0       0x48 ..\obj\startup_stm32f10x_cl.o
                0x080100d0                Reset_Handler
 .text.Default_Handler
                0x08010118        0x2 ..\obj\startup_stm32f10x_cl.o
                0x08010118                EXTI2_IRQHandler
                0x08010118                TIM1_CC_IRQHandler
                0x08010118                TIM6_IRQHandler
                0x08010118                PVD_IRQHandler
                0x08010118                CAN2_RX1_IRQHandler
                0x08010118                I2C2_EV_IRQHandler
                0x08010118                CAN1_RX0_IRQHandler
                0x08010118                CAN2_SCE_IRQHandler
                0x08010118                ADC1_2_IRQHandler
                0x08010118                SPI1_IRQHandler
                0x08010118                TAMPER_IRQHandler
                0x08010118                CAN2_RX0_IRQHandler
                0x08010118                DMA2_Channel2_IRQHandler
                0x08010118                DMA1_Channel4_IRQHandler
                0x08010118                USART3_IRQHandler
                0x08010118                DMA1_Channel7_IRQHandler
                0x08010118                CAN1_RX1_IRQHandler
                0x08010118                UART5_IRQHandler
                0x08010118                TIM4_IRQHandler
                0x08010118                DMA2_Channel1_IRQHandler
                0x08010118                I2C1_EV_IRQHandler
                0x08010118                DMA1_Channel6_IRQHandler
                0x08010118                UART4_IRQHandler
                0x08010118                DMA2_Channel4_IRQHandler
                0x08010118                TIM3_IRQHandler
                0x08010118                RCC_IRQHandler
                0x08010118                TIM1_TRG_COM_IRQHandler
                0x08010118                DMA1_Channel1_IRQHandler
                0x08010118                Default_Handler
                0x08010118                TIM7_IRQHandler
                0x08010118                CAN2_TX_IRQHandler
                0x08010118                TIM5_IRQHandler
                0x08010118                ETH_WKUP_IRQHandler
                0x08010118                SPI2_IRQHandler
                0x08010118                CAN1_TX_IRQHandler
                0x08010118                DMA2_Channel5_IRQHandler
                0x08010118                DMA1_Channel5_IRQHandler
                0x08010118                EXTI4_IRQHandler
                0x08010118                DMA1_Channel3_IRQHandler
                0x08010118                TIM1_UP_IRQHandler
                0x08010118                WWDG_IRQHandler
                0x08010118                TIM1_BRK_IRQHandler
                0x08010118                EXTI1_IRQHandler
                0x08010118                RTCAlarm_IRQHandler
                0x08010118                USART2_IRQHandler
                0x08010118                I2C2_ER_IRQHandler
                0x08010118                DMA1_Channel2_IRQHandler
                0x08010118                CAN1_SCE_IRQHandler
                0x08010118                FLASH_IRQHandler
                0x08010118                USART1_IRQHandler
                0x08010118                SPI3_IRQHandler
                0x08010118                I2C1_ER_IRQHandler
                0x08010118                DMA2_Channel3_IRQHandler
 *fill*         0x0801011a        0x2 
 .text.EXTI_Init
                0x0801011c       0xe4 ..\obj\stm32f10x_exti.o
                0x0801011c                EXTI_Init
 .text.EXTI_ClearITPendingBit
                0x08010200       0x1c ..\obj\stm32f10x_exti.o
                0x08010200                EXTI_ClearITPendingBit
 .text.NVIC_EnableIRQ
                0x0801021c       0x30 ..\obj\deca_mutex.o
 .text.NVIC_DisableIRQ
                0x0801024c       0x34 ..\obj\deca_mutex.o
 .text.decamutexon
                0x08010280       0x28 ..\obj\deca_mutex.o
                0x08010280                decamutexon
 .text.decamutexoff
                0x080102a8       0x1c ..\obj\deca_mutex.o
                0x080102a8                decamutexoff
 .text.pbuf_alloc
                0x080102c4      0x1f8 ..\obj\pbuf.o
                0x080102c4                pbuf_alloc
 .text.pbuf_realloc
                0x080104bc       0xc8 ..\obj\pbuf.o
                0x080104bc                pbuf_realloc
 .text.pbuf_header
                0x08010584       0xdc ..\obj\pbuf.o
                0x08010584                pbuf_header
 .text.pbuf_free
                0x08010660       0xa0 ..\obj\pbuf.o
                0x08010660                pbuf_free
 .text.pbuf_clen
                0x08010700       0x2c ..\obj\pbuf.o
                0x08010700                pbuf_clen
 .text.pbuf_ref
                0x0801072c       0x24 ..\obj\pbuf.o
                0x0801072c                pbuf_ref
 .text.pbuf_cat
                0x08010750       0x5c ..\obj\pbuf.o
                0x08010750                pbuf_cat
 .text.pbuf_chain
                0x080107ac       0x20 ..\obj\pbuf.o
                0x080107ac                pbuf_chain
 .text.pbuf_copy
                0x080107cc      0x100 ..\obj\pbuf.o
                0x080107cc                pbuf_copy
 .text.pbuf_copy_partial
                0x080108cc       0xc8 ..\obj\pbuf.o
                0x080108cc                pbuf_copy_partial
 .text.htons    0x08010994       0x28 ..\obj\inet.o
                0x08010994                htons
 .text.ntohs    0x080109bc       0x1c ..\obj\inet.o
                0x080109bc                ntohs
 .text.htonl    0x080109d8       0x30 ..\obj\inet.o
                0x080109d8                htonl
 .text.ntohl    0x08010a08       0x18 ..\obj\inet.o
                0x08010a08                ntohl
 .text.netif_add
                0x08010a20       0x84 ..\obj\netif.o
                0x08010a20                netif_add
 .text.netif_set_addr
                0x08010aa4       0x30 ..\obj\netif.o
                0x08010aa4                netif_set_addr
 .text.netif_set_ipaddr
                0x08010ad4       0xac ..\obj\netif.o
                0x08010ad4                netif_set_ipaddr
 .text.netif_set_gw
                0x08010b80       0x28 ..\obj\netif.o
                0x08010b80                netif_set_gw
 .text.netif_set_netmask
                0x08010ba8       0x28 ..\obj\netif.o
                0x08010ba8                netif_set_netmask
 .text.netif_set_default
                0x08010bd0       0x1c ..\obj\netif.o
                0x08010bd0                netif_set_default
 .text.netif_set_up
                0x08010bec       0x4c ..\obj\netif.o
                0x08010bec                netif_set_up
 .text.netif_is_up
                0x08010c38       0x28 ..\obj\netif.o
                0x08010c38                netif_is_up
 .text._write   0x08010c60       0x40 ..\obj\syscalls.o
                0x08010c60                _write
 .text._sbrk    0x08010ca0       0x70 ..\obj\syscalls.o
                0x08010ca0                _sbrk
 .text._exit    0x08010d10       0x20 ..\obj\syscalls.o
                0x08010d10                _exit
 .text._times_r
                0x08010d30       0x38 ..\obj\syscalls.o
                0x08010d30                _times_r
 .text._getpid_r
                0x08010d68       0x10 ..\obj\syscalls.o
                0x08010d68                _getpid_r
 .text._kill_r  0x08010d78       0x24 ..\obj\syscalls.o
                0x08010d78                _kill_r
 .text.FLASH_SetLatency
                0x08010d9c       0x38 ..\obj\stm32f10x_flash.o
                0x08010d9c                FLASH_SetLatency
 .text.FLASH_PrefetchBufferCmd
                0x08010dd4       0x30 ..\obj\stm32f10x_flash.o
                0x08010dd4                FLASH_PrefetchBufferCmd
 .text.NMI_Handler
                0x08010e04        0xc ..\obj\stm32f10x_it.o
                0x08010e04                NMI_Handler
 .text.pop_registers_from_fault_stack
                0x08010e10       0x3c ..\obj\stm32f10x_it.o
                0x08010e10                pop_registers_from_fault_stack
 .text.HardFault_Handler
                0x08010e4c       0x20 ..\obj\stm32f10x_it.o
                0x08010e4c                HardFault_Handler
 .text.MemManage_Handler
                0x08010e6c        0x8 ..\obj\stm32f10x_it.o
                0x08010e6c                MemManage_Handler
 .text.BusFault_Handler
                0x08010e74        0x8 ..\obj\stm32f10x_it.o
                0x08010e74                BusFault_Handler
 .text.UsageFault_Handler
                0x08010e7c        0x8 ..\obj\stm32f10x_it.o
                0x08010e7c                UsageFault_Handler
 .text.SVC_Handler
                0x08010e84        0xc ..\obj\stm32f10x_it.o
                0x08010e84                SVC_Handler
 .text.DebugMon_Handler
                0x08010e90        0xc ..\obj\stm32f10x_it.o
                0x08010e90                DebugMon_Handler
 .text.PendSV_Handler
                0x08010e9c        0xc ..\obj\stm32f10x_it.o
                0x08010e9c                PendSV_Handler
 .text.RTC_IRQHandler
                0x08010ea8       0x20 ..\obj\stm32f10x_it.o
                0x08010ea8                RTC_IRQHandler
 .text.SysTick_Handler
                0x08010ec8       0x1c ..\obj\stm32f10x_it.o
                0x08010ec8                SysTick_Handler
 .text.ETH_IRQHandler
                0x08010ee4       0x28 ..\obj\stm32f10x_it.o
                0x08010ee4                ETH_IRQHandler
 .text.EXTI15_10_IRQHandler
                0x08010f0c       0x14 ..\obj\stm32f10x_it.o
                0x08010f0c                EXTI15_10_IRQHandler
 .text.EXTI0_IRQHandler
                0x08010f20       0x14 ..\obj\stm32f10x_it.o
                0x08010f20                EXTI0_IRQHandler
 .text.EXTI3_IRQHandler
                0x08010f34       0x14 ..\obj\stm32f10x_it.o
                0x08010f34                EXTI3_IRQHandler
 .text.EXTI9_5_IRQHandler
                0x08010f48       0x14 ..\obj\stm32f10x_it.o
                0x08010f48                EXTI9_5_IRQHandler
 .text.OTG_FS_WKUP_IRQHandler
                0x08010f5c       0x38 ..\obj\stm32f10x_it.o
                0x08010f5c                OTG_FS_WKUP_IRQHandler
 .text.OTG_FS_IRQHandler
                0x08010f94       0x14 ..\obj\stm32f10x_it.o
                0x08010f94                OTG_FS_IRQHandler
 .text.USBD_StdDevReq
                0x08010fa8       0xa0 ..\obj\usbd_req.o
                0x08010fa8                USBD_StdDevReq
 .text.USBD_StdItfReq
                0x08011048       0x68 ..\obj\usbd_req.o
                0x08011048                USBD_StdItfReq
 .text.USBD_StdEPReq
                0x080110b0      0x1b0 ..\obj\usbd_req.o
                0x080110b0                USBD_StdEPReq
 .text.USBD_GetDescriptor
                0x08011260      0x1a8 ..\obj\usbd_req.o
 .text.USBD_SetAddress
                0x08011408       0x7c ..\obj\usbd_req.o
 .text.USBD_SetConfig
                0x08011484       0xf4 ..\obj\usbd_req.o
 .text.USBD_GetConfig
                0x08011578       0x60 ..\obj\usbd_req.o
 .text.USBD_GetStatus
                0x080115d8       0x54 ..\obj\usbd_req.o
 .text.USBD_SetFeature
                0x0801162c       0xd8 ..\obj\usbd_req.o
 .text.USBD_ClrFeature
                0x08011704       0x50 ..\obj\usbd_req.o
 .text.USBD_ParseSetupRequest
                0x08011754       0x90 ..\obj\usbd_req.o
                0x08011754                USBD_ParseSetupRequest
 .text.USBD_CtlError
                0x080117e4       0x28 ..\obj\usbd_req.o
                0x080117e4                USBD_CtlError
 .text.NVIC_SetPriority
                0x0801180c       0x54 ..\obj\port.o
 .text.SysTick_Config
                0x08011860       0x44 ..\obj\port.o
 .text.portGetTickCnt
                0x080118a4       0x14 ..\obj\port.o
                0x080118a4                portGetTickCnt
 .text.Ethernet_Configuration
                0x080118b8       0xe0 ..\obj\port.o
                0x080118b8                Ethernet_Configuration
 .text.SysTick_Configuration
                0x08011998       0x38 ..\obj\port.o
                0x08011998                SysTick_Configuration
 .text.NVIC_Configuration
                0x080119d0       0x98 ..\obj\port.o
                0x080119d0                NVIC_Configuration
 .text.EXTI_GetITEnStatus
                0x08011a68       0x3c ..\obj\port.o
                0x08011a68                EXTI_GetITEnStatus
 .text.RCC_Configuration
                0x08011aa4       0xd8 ..\obj\port.o
                0x08011aa4                RCC_Configuration
 .text.SPI_ChangeRate
                0x08011b7c       0x38 ..\obj\port.o
                0x08011b7c                SPI_ChangeRate
 .text.SPI_Configuration
                0x08011bb4       0xa8 ..\obj\port.o
                0x08011bb4                SPI_Configuration
 .text.GPIO_Configuration
                0x08011c5c      0x148 ..\obj\port.o
                0x08011c5c                GPIO_Configuration
 .text.reset_DW1000
                0x08011da4       0x50 ..\obj\port.o
                0x08011da4                reset_DW1000
 .text.peripherals_init
                0x08011df4       0x20 ..\obj\port.o
                0x08011df4                peripherals_init
 .text.spi_peripheral_init
                0x08011e14        0xc ..\obj\port.o
                0x08011e14                spi_peripheral_init
 .text.TIM2_IRQHandler
                0x08011e20       0x24 ..\obj\port.o
                0x08011e20                TIM2_IRQHandler
 .text.USBD_OTG_ISR_Handler
                0x08011e44      0x190 ..\obj\usb_dcd_int.o
                0x08011e44                USBD_OTG_ISR_Handler
 .text.DCD_SessionRequest_ISR
                0x08011fd4       0x34 ..\obj\usb_dcd_int.o
 .text.DCD_OTG_ISR
                0x08012008       0x3c ..\obj\usb_dcd_int.o
 .text.DCD_HandleResume_ISR
                0x08012044       0x80 ..\obj\usb_dcd_int.o
 .text.DCD_HandleUSBSuspend_ISR
                0x080120c4       0xbc ..\obj\usb_dcd_int.o
 .text.DCD_HandleInEP_ISR
                0x08012180      0x19c ..\obj\usb_dcd_int.o
 .text.DCD_HandleOutEP_ISR
                0x0801231c      0x150 ..\obj\usb_dcd_int.o
 .text.DCD_HandleSof_ISR
                0x0801246c       0x34 ..\obj\usb_dcd_int.o
 .text.DCD_HandleRxStatusQueueLevel_ISR
                0x080124a0      0x104 ..\obj\usb_dcd_int.o
 .text.DCD_WriteEmptyTxFifo
                0x080125a4      0x110 ..\obj\usb_dcd_int.o
 .text.DCD_HandleUsbReset_ISR
                0x080126b4      0x120 ..\obj\usb_dcd_int.o
 .text.DCD_HandleEnumDone_ISR
                0x080127d4       0x78 ..\obj\usb_dcd_int.o
 .text.DCD_IsoINIncomplete_ISR
                0x0801284c       0x34 ..\obj\usb_dcd_int.o
 .text.DCD_IsoOUTIncomplete_ISR
                0x08012880       0x34 ..\obj\usb_dcd_int.o
 .text.DCD_ReadDevInEP
                0x080128b4       0x50 ..\obj\usb_dcd_int.o
 .text.udp_input
                0x08012904      0x238 ..\obj\udp.o
                0x08012904                udp_input
 .text.ip_route
                0x08012b3c       0x70 ..\obj\ip.o
                0x08012b3c                ip_route
 .text.ip_input
                0x08012bac      0x22c ..\obj\ip.o
                0x08012bac                ip_input
 .text.ip_output_if
                0x08012dd8      0x194 ..\obj\ip.o
                0x08012dd8                ip_output_if
 .text.ip_output
                0x08012f6c       0x4c ..\obj\ip.o
                0x08012f6c                ip_output
 .text.icmp_input
                0x08012fb8      0x204 ..\obj\icmp.o
                0x08012fb8                icmp_input
 .text.icmp_dest_unreach
                0x080131bc       0x20 ..\obj\icmp.o
                0x080131bc                icmp_dest_unreach
 .text.icmp_time_exceeded
                0x080131dc       0x20 ..\obj\icmp.o
                0x080131dc                icmp_time_exceeded
 .text.icmp_send_response
                0x080131fc       0xa8 ..\obj\icmp.o
 .text.NVIC_PriorityGroupConfig
                0x080132a4       0x24 ..\obj\misc.o
                0x080132a4                NVIC_PriorityGroupConfig
 .text.NVIC_Init
                0x080132c8       0xc4 ..\obj\misc.o
                0x080132c8                NVIC_Init
 .text.DCD_EP_Open
                0x0801338c       0xb0 ..\obj\usb_dcd.o
                0x0801338c                DCD_EP_Open
 .text.DCD_EP_PrepareRx
                0x0801343c       0x84 ..\obj\usb_dcd.o
                0x0801343c                DCD_EP_PrepareRx
 .text.DCD_EP_Tx
                0x080134c0       0x78 ..\obj\usb_dcd.o
                0x080134c0                DCD_EP_Tx
 .text.DCD_EP_Stall
                0x08013538       0x7c ..\obj\usb_dcd.o
                0x08013538                DCD_EP_Stall
 .text.DCD_EP_ClrStall
                0x080135b4       0x7c ..\obj\usb_dcd.o
                0x080135b4                DCD_EP_ClrStall
 .text.DCD_EP_SetAddress
                0x08013630       0x3c ..\obj\usb_dcd.o
                0x08013630                DCD_EP_SetAddress
 .text.ETH_DeInit
                0x0801366c       0x1c ..\obj\stm32_eth.o
                0x0801366c                ETH_DeInit
 .text.ETH_Init
                0x08013688      0x35c ..\obj\stm32_eth.o
                0x08013688                ETH_Init
 .text.ETH_StructInit
                0x080139e4      0x158 ..\obj\stm32_eth.o
                0x080139e4                ETH_StructInit
 .text.ETH_Start
                0x08013b3c       0x24 ..\obj\stm32_eth.o
                0x08013b3c                ETH_Start
 .text.ETH_GetRxPktSize
                0x08013b60       0x58 ..\obj\stm32_eth.o
                0x08013b60                ETH_GetRxPktSize
 .text.ETH_ReadPHYRegister
                0x08013bb8       0x9c ..\obj\stm32_eth.o
                0x08013bb8                ETH_ReadPHYRegister
 .text.ETH_WritePHYRegister
                0x08013c54       0xa0 ..\obj\stm32_eth.o
                0x08013c54                ETH_WritePHYRegister
 .text.ETH_MACTransmissionCmd
                0x08013cf4       0x38 ..\obj\stm32_eth.o
                0x08013cf4                ETH_MACTransmissionCmd
 .text.ETH_MACReceptionCmd
                0x08013d2c       0x38 ..\obj\stm32_eth.o
                0x08013d2c                ETH_MACReceptionCmd
 .text.ETH_MACAddressConfig
                0x08013d64       0x6c ..\obj\stm32_eth.o
                0x08013d64                ETH_MACAddressConfig
 .text.ETH_DMATxDescChainInit
                0x08013dd0       0x90 ..\obj\stm32_eth.o
                0x08013dd0                ETH_DMATxDescChainInit
 .text.ETH_DMATxDescChecksumInsertionConfig
                0x08013e60       0x20 ..\obj\stm32_eth.o
                0x08013e60                ETH_DMATxDescChecksumInsertionConfig
 .text.ETH_DMARxDescChainInit
                0x08013e80       0x98 ..\obj\stm32_eth.o
                0x08013e80                ETH_DMARxDescChainInit
 .text.ETH_GetDMARxDescFrameLength
                0x08013f18       0x1c ..\obj\stm32_eth.o
                0x08013f18                ETH_GetDMARxDescFrameLength
 .text.ETH_DMARxDescReceiveITConfig
                0x08013f34       0x38 ..\obj\stm32_eth.o
                0x08013f34                ETH_DMARxDescReceiveITConfig
 .text.ETH_SoftwareReset
                0x08013f6c       0x24 ..\obj\stm32_eth.o
                0x08013f6c                ETH_SoftwareReset
 .text.ETH_GetSoftwareResetStatus
                0x08013f90       0x34 ..\obj\stm32_eth.o
                0x08013f90                ETH_GetSoftwareResetStatus
 .text.ETH_DMAClearITPendingBit
                0x08013fc4       0x24 ..\obj\stm32_eth.o
                0x08013fc4                ETH_DMAClearITPendingBit
 .text.ETH_FlushTransmitFIFO
                0x08013fe8       0x28 ..\obj\stm32_eth.o
                0x08013fe8                ETH_FlushTransmitFIFO
 .text.ETH_DMATransmissionCmd
                0x08014010       0x50 ..\obj\stm32_eth.o
                0x08014010                ETH_DMATransmissionCmd
 .text.ETH_DMAReceptionCmd
                0x08014060       0x50 ..\obj\stm32_eth.o
                0x08014060                ETH_DMAReceptionCmd
 .text.ETH_DMAITConfig
                0x080140b0       0x54 ..\obj\stm32_eth.o
                0x080140b0                ETH_DMAITConfig
 .text.ETH_Delay
                0x08014104       0x28 ..\obj\stm32_eth.o
 .text.SPI_I2S_DeInit
                0x0801412c       0x74 ..\obj\stm32f10x_spi.o
                0x0801412c                SPI_I2S_DeInit
 .text.SPI_Init
                0x080141a0       0x88 ..\obj\stm32f10x_spi.o
                0x080141a0                SPI_Init
 .text.SPI_Cmd  0x08014228       0x40 ..\obj\stm32f10x_spi.o
                0x08014228                SPI_Cmd
 .text.SPI_SSOutputCmd
                0x08014268       0x40 ..\obj\stm32f10x_spi.o
                0x08014268                SPI_SSOutputCmd
 .text.USBD_CtlSendData
                0x080142a8       0x40 ..\obj\usbd_ioreq.o
                0x080142a8                USBD_CtlSendData
 .text.USBD_CtlContinueSendData
                0x080142e8       0x28 ..\obj\usbd_ioreq.o
                0x080142e8                USBD_CtlContinueSendData
 .text.USBD_CtlContinueRx
                0x08014310       0x28 ..\obj\usbd_ioreq.o
                0x08014310                USBD_CtlContinueRx
 .text.USBD_CtlSendStatus
                0x08014338       0x30 ..\obj\usbd_ioreq.o
                0x08014338                USBD_CtlSendStatus
 .text.USBD_CtlReceiveStatus
                0x08014368       0x30 ..\obj\usbd_ioreq.o
                0x08014368                USBD_CtlReceiveStatus
 .text.tcp_output_set_header
                0x08014398       0xf0 ..\obj\tcp_out.o
 .text.tcp_send_ctrl
                0x08014488       0x2c ..\obj\tcp_out.o
                0x08014488                tcp_send_ctrl
 .text.tcp_write
                0x080144b4       0x64 ..\obj\tcp_out.o
                0x080144b4                tcp_write
 .text.tcp_enqueue
                0x08014518      0x58c ..\obj\tcp_out.o
                0x08014518                tcp_enqueue
 .text.tcp_output
                0x08014aa4      0x380 ..\obj\tcp_out.o
                0x08014aa4                tcp_output
 .text.tcp_output_segment
                0x08014e24      0x148 ..\obj\tcp_out.o
 .text.tcp_rst  0x08014f6c       0xf8 ..\obj\tcp_out.o
                0x08014f6c                tcp_rst
 .text.tcp_rexmit
                0x08015064       0x8c ..\obj\tcp_out.o
                0x08015064                tcp_rexmit
 .text.raw_input
                0x080150f0       0xac ..\obj\raw.o
                0x080150f0                raw_input
 .text.cos      0x0801519c       0x90 c:/program files (x86)/gnu tools arm embedded/5.4 2016q2/bin/../lib/gcc/arm-none-eabi/5.4.1/../../../../arm-none-eabi/lib/armv7-m\libm.a(lib_a-s_cos.o)
                0x0801519c                cos
 .text.sin      0x0801522c       0x90 c:/program files (x86)/gnu tools arm embedded/5.4 2016q2/bin/../lib/gcc/arm-none-eabi/5.4.1/../../../../arm-none-eabi/lib/armv7-m\libm.a(lib_a-s_sin.o)
                0x0801522c                sin
 .text.acos     0x080152bc       0xb0 c:/program files (x86)/gnu tools arm embedded/5.4 2016q2/bin/../lib/gcc/arm-none-eabi/5.4.1/../../../../arm-none-eabi/lib/armv7-m\libm.a(lib_a-w_acos.o)
                0x080152bc                acos
 .text.pow      0x0801536c      0x330 c:/program files (x86)/gnu tools arm embedded/5.4 2016q2/bin/../lib/gcc/arm-none-eabi/5.4.1/../../../../arm-none-eabi/lib/armv7-m\libm.a(lib_a-w_pow.o)
                0x0801536c                pow
 .text.sqrt     0x0801569c       0xb8 c:/program files (x86)/gnu tools arm embedded/5.4 2016q2/bin/../lib/gcc/arm-none-eabi/5.4.1/../../../../arm-none-eabi/lib/armv7-m\libm.a(lib_a-w_sqrt.o)
                0x0801569c                sqrt
 *fill*         0x08015754        0x4 
 .text.__ieee754_acos
                0x08015758      0x4a8 c:/program files (x86)/gnu tools arm embedded/5.4 2016q2/bin/../lib/gcc/arm-none-eabi/5.4.1/../../../../arm-none-eabi/lib/armv7-m\libm.a(lib_a-e_acos.o)
                0x08015758                __ieee754_acos
 .text.__ieee754_pow
                0x08015c00      0xac4 c:/program files (x86)/gnu tools arm embedded/5.4 2016q2/bin/../lib/gcc/arm-none-eabi/5.4.1/../../../../arm-none-eabi/lib/armv7-m\libm.a(lib_a-e_pow.o)
                0x08015c00                __ieee754_pow
 *fill*         0x080166c4        0x4 
 .text.__ieee754_rem_pio2
                0x080166c8      0x42c c:/program files (x86)/gnu tools arm embedded/5.4 2016q2/bin/../lib/gcc/arm-none-eabi/5.4.1/../../../../arm-none-eabi/lib/armv7-m\libm.a(lib_a-e_rem_pio2.o)
                0x080166c8                __ieee754_rem_pio2
 .text.__ieee754_sqrt
                0x08016af4      0x188 c:/program files (x86)/gnu tools arm embedded/5.4 2016q2/bin/../lib/gcc/arm-none-eabi/5.4.1/../../../../arm-none-eabi/lib/armv7-m\libm.a(lib_a-e_sqrt.o)
                0x08016af4                __ieee754_sqrt
 *fill*         0x08016c7c        0x4 
 .text.__kernel_cos
                0x08016c80      0x248 c:/program files (x86)/gnu tools arm embedded/5.4 2016q2/bin/../lib/gcc/arm-none-eabi/5.4.1/../../../../arm-none-eabi/lib/armv7-m\libm.a(lib_a-k_cos.o)
                0x08016c80                __kernel_cos
 .text.__kernel_rem_pio2
                0x08016ec8      0x7f0 c:/program files (x86)/gnu tools arm embedded/5.4 2016q2/bin/../lib/gcc/arm-none-eabi/5.4.1/../../../../arm-none-eabi/lib/armv7-m\libm.a(lib_a-k_rem_pio2.o)
                0x08016ec8                __kernel_rem_pio2
 .text.__kernel_sin
                0x080176b8      0x16c c:/program files (x86)/gnu tools arm embedded/5.4 2016q2/bin/../lib/gcc/arm-none-eabi/5.4.1/../../../../arm-none-eabi/lib/armv7-m\libm.a(lib_a-k_sin.o)
                0x080176b8                __kernel_sin
 .text.fabs     0x08017824        0x8 c:/program files (x86)/gnu tools arm embedded/5.4 2016q2/bin/../lib/gcc/arm-none-eabi/5.4.1/../../../../arm-none-eabi/lib/armv7-m\libm.a(lib_a-s_fabs.o)
                0x08017824                fabs
 .text.finite   0x0801782c        0xc c:/program files (x86)/gnu tools arm embedded/5.4 2016q2/bin/../lib/gcc/arm-none-eabi/5.4.1/../../../../arm-none-eabi/lib/armv7-m\libm.a(lib_a-s_finite.o)
                0x0801782c                finite
 .text.floor    0x08017838      0x110 c:/program files (x86)/gnu tools arm embedded/5.4 2016q2/bin/../lib/gcc/arm-none-eabi/5.4.1/../../../../arm-none-eabi/lib/armv7-m\libm.a(lib_a-s_floor.o)
                0x08017838                floor
 .text.matherr  0x08017948        0x4 c:/program files (x86)/gnu tools arm embedded/5.4 2016q2/bin/../lib/gcc/arm-none-eabi/5.4.1/../../../../arm-none-eabi/lib/armv7-m\libm.a(lib_a-s_matherr.o)
                0x08017948                matherr
 .text.nan      0x0801794c        0xc c:/program files (x86)/gnu tools arm embedded/5.4 2016q2/bin/../lib/gcc/arm-none-eabi/5.4.1/../../../../arm-none-eabi/lib/armv7-m\libm.a(lib_a-s_nan.o)
                0x0801794c                nan
 .text.rint     0x08017958      0x120 c:/program files (x86)/gnu tools arm embedded/5.4 2016q2/bin/../lib/gcc/arm-none-eabi/5.4.1/../../../../arm-none-eabi/lib/armv7-m\libm.a(lib_a-s_rint.o)
                0x08017958                rint
 .text.scalbn   0x08017a78       0xe4 c:/program files (x86)/gnu tools arm embedded/5.4 2016q2/bin/../lib/gcc/arm-none-eabi/5.4.1/../../../../arm-none-eabi/lib/armv7-m\libm.a(lib_a-s_scalbn.o)
                0x08017a78                scalbn
 .text.copysign
                0x08017b5c       0x10 c:/program files (x86)/gnu tools arm embedded/5.4 2016q2/bin/../lib/gcc/arm-none-eabi/5.4.1/../../../../arm-none-eabi/lib/armv7-m\libm.a(lib_a-s_copysign.o)
                0x08017b5c                copysign
 .text.abort    0x08017b6c       0x10 c:/program files (x86)/gnu tools arm embedded/5.4 2016q2/bin/../lib/gcc/arm-none-eabi/5.4.1/../../../../arm-none-eabi/lib/armv7-m\libc.a(lib_a-abort.o)
                0x08017b6c                abort
 .text.clock    0x08017b7c       0x2c c:/program files (x86)/gnu tools arm embedded/5.4 2016q2/bin/../lib/gcc/arm-none-eabi/5.4.1/../../../../arm-none-eabi/lib/armv7-m\libc.a(lib_a-clock.o)
                0x08017b7c                clock
 .text.__errno  0x08017ba8        0xc c:/program files (x86)/gnu tools arm embedded/5.4 2016q2/bin/../lib/gcc/arm-none-eabi/5.4.1/../../../../arm-none-eabi/lib/armv7-m\libc.a(lib_a-errno.o)
                0x08017ba8                __errno
 .text._raise_r
                0x08017bb4       0x58 c:/program files (x86)/gnu tools arm embedded/5.4 2016q2/bin/../lib/gcc/arm-none-eabi/5.4.1/../../../../arm-none-eabi/lib/armv7-m\libc.a(lib_a-signal.o)
                0x08017bb4                _raise_r
 .text.raise    0x08017c0c       0x10 c:/program files (x86)/gnu tools arm embedded/5.4 2016q2/bin/../lib/gcc/arm-none-eabi/5.4.1/../../../../arm-none-eabi/lib/armv7-m\libc.a(lib_a-signal.o)
                0x08017c0c                raise
 .text.sprintf  0x08017c1c       0x4c c:/program files (x86)/gnu tools arm embedded/5.4 2016q2/bin/../lib/gcc/arm-none-eabi/5.4.1/../../../../arm-none-eabi/lib/armv7-m\libc.a(lib_a-sprintf.o)
                0x08017c1c                sprintf
 .text.strlen   0x08017c68       0x5c c:/program files (x86)/gnu tools arm embedded/5.4 2016q2/bin/../lib/gcc/arm-none-eabi/5.4.1/../../../../arm-none-eabi/lib/armv7-m\libc.a(lib_a-strlen-stub.o)
                0x08017c68                strlen
 .text._svfprintf_r
                0x08017cc4     0x175c c:/program files (x86)/gnu tools arm embedded/5.4 2016q2/bin/../lib/gcc/arm-none-eabi/5.4.1/../../../../arm-none-eabi/lib/armv7-m\libc.a(lib_a-svfprintf.o)
                0x08017cc4                _svfprintf_r
 .text.quorem   0x08019420      0x12c c:/program files (x86)/gnu tools arm embedded/5.4 2016q2/bin/../lib/gcc/arm-none-eabi/5.4.1/../../../../arm-none-eabi/lib/armv7-m\libc.a(lib_a-dtoa.o)
 *fill*         0x0801954c        0x4 
 .text._dtoa_r  0x08019550      0xe4c c:/program files (x86)/gnu tools arm embedded/5.4 2016q2/bin/../lib/gcc/arm-none-eabi/5.4.1/../../../../arm-none-eabi/lib/armv7-m\libc.a(lib_a-dtoa.o)
                0x08019550                _dtoa_r
 .text._malloc_trim_r
                0x0801a39c       0x9c c:/program files (x86)/gnu tools arm embedded/5.4 2016q2/bin/../lib/gcc/arm-none-eabi/5.4.1/../../../../arm-none-eabi/lib/armv7-m\libc.a(lib_a-freer.o)
                0x0801a39c                _malloc_trim_r
 .text._free_r  0x0801a438      0x1d0 c:/program files (x86)/gnu tools arm embedded/5.4 2016q2/bin/../lib/gcc/arm-none-eabi/5.4.1/../../../../arm-none-eabi/lib/armv7-m\libc.a(lib_a-freer.o)
                0x0801a438                _free_r
 .text._localeconv_r
                0x0801a608        0x8 c:/program files (x86)/gnu tools arm embedded/5.4 2016q2/bin/../lib/gcc/arm-none-eabi/5.4.1/../../../../arm-none-eabi/lib/armv7-m\libc.a(lib_a-locale.o)
                0x0801a608                _localeconv_r
 .text._malloc_r
                0x0801a610      0x558 c:/program files (x86)/gnu tools arm embedded/5.4 2016q2/bin/../lib/gcc/arm-none-eabi/5.4.1/../../../../arm-none-eabi/lib/armv7-m\libc.a(lib_a-mallocr.o)
                0x0801a610                _malloc_r
 .text.memchr   0x0801ab68       0x8c c:/program files (x86)/gnu tools arm embedded/5.4 2016q2/bin/../lib/gcc/arm-none-eabi/5.4.1/../../../../arm-none-eabi/lib/armv7-m\libc.a(lib_a-memchr-stub.o)
                0x0801ab68                memchr
 .text.memmove  0x0801abf4       0xc8 c:/program files (x86)/gnu tools arm embedded/5.4 2016q2/bin/../lib/gcc/arm-none-eabi/5.4.1/../../../../arm-none-eabi/lib/armv7-m\libc.a(lib_a-memmove.o)
                0x0801abf4                memmove
 .text.__malloc_lock
                0x0801acbc        0x4 c:/program files (x86)/gnu tools arm embedded/5.4 2016q2/bin/../lib/gcc/arm-none-eabi/5.4.1/../../../../arm-none-eabi/lib/armv7-m\libc.a(lib_a-mlock.o)
                0x0801acbc                __malloc_lock
 .text.__malloc_unlock
                0x0801acc0        0x4 c:/program files (x86)/gnu tools arm embedded/5.4 2016q2/bin/../lib/gcc/arm-none-eabi/5.4.1/../../../../arm-none-eabi/lib/armv7-m\libc.a(lib_a-mlock.o)
                0x0801acc0                __malloc_unlock
 .text._Balloc  0x0801acc4       0x50 c:/program files (x86)/gnu tools arm embedded/5.4 2016q2/bin/../lib/gcc/arm-none-eabi/5.4.1/../../../../arm-none-eabi/lib/armv7-m\libc.a(lib_a-mprec.o)
                0x0801acc4                _Balloc
 .text._Bfree   0x0801ad14       0x14 c:/program files (x86)/gnu tools arm embedded/5.4 2016q2/bin/../lib/gcc/arm-none-eabi/5.4.1/../../../../arm-none-eabi/lib/armv7-m\libc.a(lib_a-mprec.o)
                0x0801ad14                _Bfree
 .text.__multadd
                0x0801ad28       0x80 c:/program files (x86)/gnu tools arm embedded/5.4 2016q2/bin/../lib/gcc/arm-none-eabi/5.4.1/../../../../arm-none-eabi/lib/armv7-m\libc.a(lib_a-mprec.o)
                0x0801ad28                __multadd
 .text.__hi0bits
                0x0801ada8       0x40 c:/program files (x86)/gnu tools arm embedded/5.4 2016q2/bin/../lib/gcc/arm-none-eabi/5.4.1/../../../../arm-none-eabi/lib/armv7-m\libc.a(lib_a-mprec.o)
                0x0801ada8                __hi0bits
 .text.__lo0bits
                0x0801ade8       0x5c c:/program files (x86)/gnu tools arm embedded/5.4 2016q2/bin/../lib/gcc/arm-none-eabi/5.4.1/../../../../arm-none-eabi/lib/armv7-m\libc.a(lib_a-mprec.o)
                0x0801ade8                __lo0bits
 .text.__i2b    0x0801ae44       0x14 c:/program files (x86)/gnu tools arm embedded/5.4 2016q2/bin/../lib/gcc/arm-none-eabi/5.4.1/../../../../arm-none-eabi/lib/armv7-m\libc.a(lib_a-mprec.o)
                0x0801ae44                __i2b
 .text.__multiply
                0x0801ae58      0x13c c:/program files (x86)/gnu tools arm embedded/5.4 2016q2/bin/../lib/gcc/arm-none-eabi/5.4.1/../../../../arm-none-eabi/lib/armv7-m\libc.a(lib_a-mprec.o)
                0x0801ae58                __multiply
 .text.__pow5mult
                0x0801af94       0xa0 c:/program files (x86)/gnu tools arm embedded/5.4 2016q2/bin/../lib/gcc/arm-none-eabi/5.4.1/../../../../arm-none-eabi/lib/armv7-m\libc.a(lib_a-mprec.o)
                0x0801af94                __pow5mult
 .text.__lshift
                0x0801b034       0xac c:/program files (x86)/gnu tools arm embedded/5.4 2016q2/bin/../lib/gcc/arm-none-eabi/5.4.1/../../../../arm-none-eabi/lib/armv7-m\libc.a(lib_a-mprec.o)
                0x0801b034                __lshift
 .text.__mcmp   0x0801b0e0       0x40 c:/program files (x86)/gnu tools arm embedded/5.4 2016q2/bin/../lib/gcc/arm-none-eabi/5.4.1/../../../../arm-none-eabi/lib/armv7-m\libc.a(lib_a-mprec.o)
                0x0801b0e0                __mcmp
 .text.__mdiff  0x0801b120      0x128 c:/program files (x86)/gnu tools arm embedded/5.4 2016q2/bin/../lib/gcc/arm-none-eabi/5.4.1/../../../../arm-none-eabi/lib/armv7-m\libc.a(lib_a-mprec.o)
                0x0801b120                __mdiff
 .text.__d2b    0x0801b248       0xa8 c:/program files (x86)/gnu tools arm embedded/5.4 2016q2/bin/../lib/gcc/arm-none-eabi/5.4.1/../../../../arm-none-eabi/lib/armv7-m\libc.a(lib_a-mprec.o)
                0x0801b248                __d2b
 .text._realloc_r
                0x0801b2f0      0x3d4 c:/program files (x86)/gnu tools arm embedded/5.4 2016q2/bin/../lib/gcc/arm-none-eabi/5.4.1/../../../../arm-none-eabi/lib/armv7-m\libc.a(lib_a-reallocr.o)
                0x0801b2f0                _realloc_r
 .text._sbrk_r  0x0801b6c4       0x24 c:/program files (x86)/gnu tools arm embedded/5.4 2016q2/bin/../lib/gcc/arm-none-eabi/5.4.1/../../../../arm-none-eabi/lib/armv7-m\libc.a(lib_a-sbrkr.o)
                0x0801b6c4                _sbrk_r
 .text.__ssprint_r
                0x0801b6e8      0x100 c:/program files (x86)/gnu tools arm embedded/5.4 2016q2/bin/../lib/gcc/arm-none-eabi/5.4.1/../../../../arm-none-eabi/lib/armv7-m\libc.a(lib_a-svfiprintf.o)
                0x0801b6e8                __ssprint_r
 .text._calloc_r
                0x0801b7e8       0x60 c:/program files (x86)/gnu tools arm embedded/5.4 2016q2/bin/../lib/gcc/arm-none-eabi/5.4.1/../../../../arm-none-eabi/lib/armv7-m\libc.a(lib_a-callocr.o)
                0x0801b7e8                _calloc_r
 *(.rodata)
 .rodata        0x0801b848      0x176 ..\obj\appinit.o
 *fill*         0x0801b9be        0x2 
 .rodata        0x0801b9c0       0x1b ..\obj\netconf.o
 *fill*         0x0801b9db        0x1 
 .rodata        0x0801b9dc       0x21 ..\obj\syscalls.o
 *(.rodata*)
 *fill*         0x0801b9fd        0x3 
 .rodata.str1.4
                0x0801ba00        0x2 c:/program files (x86)/gnu tools arm embedded/5.4 2016q2/bin/../lib/gcc/arm-none-eabi/5.4.1/../../../../arm-none-eabi/lib/armv7-m\libc.a(lib_a-impure.o)
 *fill*         0x0801ba02        0x2 
 .rodata._global_impure_ptr
                0x0801ba04        0x4 c:/program files (x86)/gnu tools arm embedded/5.4 2016q2/bin/../lib/gcc/arm-none-eabi/5.4.1/../../../../arm-none-eabi/lib/armv7-m\libc.a(lib_a-impure.o)
                0x0801ba04                _global_impure_ptr
 .rodata.c_a.5642
                0x0801ba08      0x120 ..\obj\mds.o
 .rodata.b.5644
                0x0801bb28      0x120 ..\obj\mds.o
 .rodata.memp_sizes
                0x0801bc48       0x12 ..\obj\memp.o
 *fill*         0x0801bc5a        0x2 
 .rodata.memp_num
                0x0801bc5c       0x12 ..\obj\memp.o
 *fill*         0x0801bc6e        0x2 
 .rodata.ip_addr_any
                0x0801bc70        0x4 ..\obj\ip_addr.o
                0x0801bc70                ip_addr_any
 .rodata.str1.4
                0x0801bc74        0xa ..\obj\main.o
 *fill*         0x0801bc7e        0x2 
 .rodata.ethbroadcast
                0x0801bc80        0x6 ..\obj\etharp.o
                0x0801bc80                ethbroadcast
 *fill*         0x0801bc86        0x2 
 .rodata.ethzero
                0x0801bc88        0x6 ..\obj\etharp.o
                0x0801bc88                ethzero
 *fill*         0x0801bc8e        0x2 
 .rodata.chan_idx
                0x0801bc90        0x8 ..\obj\deca_params_init.o
                0x0801bc90                chan_idx
 .rodata.tx_config
                0x0801bc98       0x18 ..\obj\deca_params_init.o
                0x0801bc98                tx_config
 .rodata.pll2_config
                0x0801bcb0       0x1e ..\obj\deca_params_init.o
                0x0801bcb0                pll2_config
 .rodata.pll2calcfg
                0x0801bcce        0x1 ..\obj\deca_params_init.o
                0x0801bcce                pll2calcfg
 *fill*         0x0801bccf        0x1 
 .rodata.rx_config
                0x0801bcd0        0x2 ..\obj\deca_params_init.o
                0x0801bcd0                rx_config
 *fill*         0x0801bcd2        0x2 
 .rodata.agc_config
                0x0801bcd4        0x8 ..\obj\deca_params_init.o
                0x0801bcd4                agc_config
 .rodata.dwnsSFDlen
                0x0801bcdc        0x3 ..\obj\deca_params_init.o
                0x0801bcdc                dwnsSFDlen
 *fill*         0x0801bcdf        0x1 
 .rodata.sftsh  0x0801bce0        0xc ..\obj\deca_params_init.o
                0x0801bce0                sftsh
 .rodata.dtune1
                0x0801bcec        0x4 ..\obj\deca_params_init.o
                0x0801bcec                dtune1
 .rodata.digital_bb_config
                0x0801bcf0       0x20 ..\obj\deca_params_init.o
                0x0801bcf0                digital_bb_config
 .rodata.lde_replicaCoeff
                0x0801bd10       0x32 ..\obj\deca_params_init.o
                0x0801bd10                lde_replicaCoeff
 *fill*         0x0801bd42        0x2 
 .rodata.str1.4
                0x0801bd44        0x5 c:/program files (x86)/gnu tools arm embedded/5.4 2016q2/bin/../lib/gcc/arm-none-eabi/5.4.1/../../../../arm-none-eabi/lib/armv7-m\libm.a(lib_a-w_acos.o)
                                  0x9 (size before relaxing)
 *fill*         0x0801bd49        0x3 
 .rodata.str1.4
                0x0801bd4c        0x4 c:/program files (x86)/gnu tools arm embedded/5.4 2016q2/bin/../lib/gcc/arm-none-eabi/5.4.1/../../../../arm-none-eabi/lib/armv7-m\libm.a(lib_a-w_pow.o)
 .rodata.str1.4
                0x0801bd50        0x5 c:/program files (x86)/gnu tools arm embedded/5.4 2016q2/bin/../lib/gcc/arm-none-eabi/5.4.1/../../../../arm-none-eabi/lib/armv7-m\libm.a(lib_a-w_sqrt.o)
 .rodata.str1.4
                0x0801bd55        0x1 c:/program files (x86)/gnu tools arm embedded/5.4 2016q2/bin/../lib/gcc/arm-none-eabi/5.4.1/../../../../arm-none-eabi/lib/armv7-m\libm.a(lib_a-e_pow.o)
 *fill*         0x0801bd55        0x3 
 .rodata.npio2_hw
                0x0801bd58       0x80 c:/program files (x86)/gnu tools arm embedded/5.4 2016q2/bin/../lib/gcc/arm-none-eabi/5.4.1/../../../../arm-none-eabi/lib/armv7-m\libm.a(lib_a-e_rem_pio2.o)
 .rodata.two_over_pi
                0x0801bdd8      0x108 c:/program files (x86)/gnu tools arm embedded/5.4 2016q2/bin/../lib/gcc/arm-none-eabi/5.4.1/../../../../arm-none-eabi/lib/armv7-m\libm.a(lib_a-e_rem_pio2.o)
 .rodata.init_jk
                0x0801bee0       0x10 c:/program files (x86)/gnu tools arm embedded/5.4 2016q2/bin/../lib/gcc/arm-none-eabi/5.4.1/../../../../arm-none-eabi/lib/armv7-m\libm.a(lib_a-k_rem_pio2.o)
 .rodata.PIo2   0x0801bef0       0x40 c:/program files (x86)/gnu tools arm embedded/5.4 2016q2/bin/../lib/gcc/arm-none-eabi/5.4.1/../../../../arm-none-eabi/lib/armv7-m\libm.a(lib_a-k_rem_pio2.o)
 .rodata.TWO52  0x0801bf30       0x10 c:/program files (x86)/gnu tools arm embedded/5.4 2016q2/bin/../lib/gcc/arm-none-eabi/5.4.1/../../../../arm-none-eabi/lib/armv7-m\libm.a(lib_a-s_rint.o)
 .rodata.blanks.7055
                0x0801bf40       0x10 c:/program files (x86)/gnu tools arm embedded/5.4 2016q2/bin/../lib/gcc/arm-none-eabi/5.4.1/../../../../arm-none-eabi/lib/armv7-m\libc.a(lib_a-svfprintf.o)
 .rodata.str1.4
                0x0801bf50       0x42 c:/program files (x86)/gnu tools arm embedded/5.4 2016q2/bin/../lib/gcc/arm-none-eabi/5.4.1/../../../../arm-none-eabi/lib/armv7-m\libc.a(lib_a-svfprintf.o)
 *fill*         0x0801bf92        0x2 
 .rodata.zeroes.7056
                0x0801bf94       0x10 c:/program files (x86)/gnu tools arm embedded/5.4 2016q2/bin/../lib/gcc/arm-none-eabi/5.4.1/../../../../arm-none-eabi/lib/armv7-m\libc.a(lib_a-svfprintf.o)
 .rodata.str1.4
                0x0801bfa4       0x10 c:/program files (x86)/gnu tools arm embedded/5.4 2016q2/bin/../lib/gcc/arm-none-eabi/5.4.1/../../../../arm-none-eabi/lib/armv7-m\libc.a(lib_a-dtoa.o)
                                 0x12 (size before relaxing)
 .rodata.str1.4
                0x0801bfb4        0xc c:/program files (x86)/gnu tools arm embedded/5.4 2016q2/bin/../lib/gcc/arm-none-eabi/5.4.1/../../../../arm-none-eabi/lib/armv7-m\libc.a(lib_a-locale.o)
                                 0x12 (size before relaxing)
 .rodata.__mprec_tens
                0x0801bfc0       0xc8 c:/program files (x86)/gnu tools arm embedded/5.4 2016q2/bin/../lib/gcc/arm-none-eabi/5.4.1/../../../../arm-none-eabi/lib/armv7-m\libc.a(lib_a-mprec.o)
                0x0801bfc0                __mprec_tens
 .rodata.__mprec_bigtens
                0x0801c088       0x28 c:/program files (x86)/gnu tools arm embedded/5.4 2016q2/bin/../lib/gcc/arm-none-eabi/5.4.1/../../../../arm-none-eabi/lib/armv7-m\libc.a(lib_a-mprec.o)
                0x0801c088                __mprec_bigtens
 .rodata.p05.5396
                0x0801c0b0        0xc c:/program files (x86)/gnu tools arm embedded/5.4 2016q2/bin/../lib/gcc/arm-none-eabi/5.4.1/../../../../arm-none-eabi/lib/armv7-m\libc.a(lib_a-mprec.o)
 *(.glue_7)
 .glue_7        0x0801c0bc        0x0 linker stubs
 *(.glue_7t)
 .glue_7t       0x0801c0bc        0x0 linker stubs
 *(.eh_frame)
 .eh_frame      0x0801c0bc        0x0 c:/program files (x86)/gnu tools arm embedded/5.4 2016q2/bin/../lib/gcc/arm-none-eabi/5.4.1/armv7-m/crtbegin.o
 *(.init)
 .init          0x0801c0bc        0x4 c:/program files (x86)/gnu tools arm embedded/5.4 2016q2/bin/../lib/gcc/arm-none-eabi/5.4.1/armv7-m/crti.o
                0x0801c0bc                _init
 .init          0x0801c0c0        0x8 c:/program files (x86)/gnu tools arm embedded/5.4 2016q2/bin/../lib/gcc/arm-none-eabi/5.4.1/armv7-m/crtn.o
 *(.fini)
 .fini          0x0801c0c8        0x4 c:/program files (x86)/gnu tools arm embedded/5.4 2016q2/bin/../lib/gcc/arm-none-eabi/5.4.1/armv7-m/crti.o
                0x0801c0c8                _fini
 .fini          0x0801c0cc        0x8 c:/program files (x86)/gnu tools arm embedded/5.4 2016q2/bin/../lib/gcc/arm-none-eabi/5.4.1/armv7-m/crtn.o
                0x0801c0d4                . = ALIGN (0x4)
                0x0801c0d4                _etext = .

.vfp11_veneer   0x0801c0d4        0x0
 .vfp11_veneer  0x0801c0d4        0x0 linker stubs

.v4_bx          0x0801c0d4        0x0
 .v4_bx         0x0801c0d4        0x0 linker stubs

.iplt           0x0801c0d4        0x0
 .iplt          0x0801c0d4        0x0 c:/program files (x86)/gnu tools arm embedded/5.4 2016q2/bin/../lib/gcc/arm-none-eabi/5.4.1/armv7-m/crtbegin.o

.ARM.extab      0x0801c0d4       0x48
 *(.ARM.extab* .gnu.linkonce.armextab.*)
 .ARM.extab.text.TCP_Client_Send_Data
                0x0801c0d4        0xc ..\obj\TCP_CLIENT.o
 .ARM.extab.text.Check_TCP_Connect
                0x0801c0e0        0xc ..\obj\TCP_CLIENT.o
 .ARM.extab.text.TCP_Client_Recv
                0x0801c0ec        0xc ..\obj\TCP_CLIENT.o
 .ARM.extab.text.TCP_Client_Init
                0x0801c0f8        0xc ..\obj\TCP_CLIENT.o
 .ARM.extab     0x0801c104       0x18 c:/program files (x86)/gnu tools arm embedded/5.4 2016q2/bin/../lib/gcc/arm-none-eabi/5.4.1/armv7-m\libgcc.a(pr-support.o)

.ARM            0x0801c11c       0xe8
                0x0801c11c                __exidx_start = .
 *(.ARM.exidx*)
 .ARM.exidx.text.TCP_Client_Send_Data
                0x0801c1d4        0x8 ..\obj\TCP_CLIENT.o
 .ARM.exidx.text.Check_TCP_Connect
                0x0801c1dc        0x8 ..\obj\TCP_CLIENT.o
 .ARM.exidx.text._Z13TCP_ConnectedPvP7tcp_pcba
                0x0801c1e4        0x8 ..\obj\TCP_CLIENT.o
 .ARM.exidx.text.TCP_Client_Recv
                0x0801c1ec        0x8 ..\obj\TCP_CLIENT.o
 .ARM.exidx.text.TCP_Client_Init
                0x0801c1f4       0x10 ..\obj\TCP_CLIENT.o
                                  0x8 (size before relaxing)
 .ARM.exidx     0x0801c11c       0x80 c:/program files (x86)/gnu tools arm embedded/5.4 2016q2/bin/../lib/gcc/arm-none-eabi/5.4.1/armv7-m\libgcc.a(unwind-arm.o)
                                 0xd8 (size before relaxing)
 .ARM.exidx     0x0801c19c       0x38 c:/program files (x86)/gnu tools arm embedded/5.4 2016q2/bin/../lib/gcc/arm-none-eabi/5.4.1/armv7-m\libgcc.a(pr-support.o)
                                 0x48 (size before relaxing)
 .ARM.exidx     0x0801c1d4        0x0 c:/program files (x86)/gnu tools arm embedded/5.4 2016q2/bin/../lib/gcc/arm-none-eabi/5.4.1/armv7-m\libgcc.a(_udivmoddi4.o)
                                  0x8 (size before relaxing)
                0x0801c204                __exidx_end = .

.rel.dyn        0x0801c204        0x0
 .rel.iplt      0x0801c204        0x0 c:/program files (x86)/gnu tools arm embedded/5.4 2016q2/bin/../lib/gcc/arm-none-eabi/5.4.1/armv7-m/crtbegin.o

.preinit_array  0x0801c204        0x0
                0x0801c204                PROVIDE (__preinit_array_start, .)
 *(.preinit_array*)
                0x0801c204                PROVIDE (__preinit_array_end, .)

.init_array     0x0801c204        0x8
                0x0801c204                PROVIDE (__init_array_start, .)
 *(SORT(.init_array.*))
 .init_array.00000
                0x0801c204        0x4 c:/program files (x86)/gnu tools arm embedded/5.4 2016q2/bin/../lib/gcc/arm-none-eabi/5.4.1/../../../../arm-none-eabi/lib/armv7-m\libc.a(lib_a-__call_atexit.o)
 *(.init_array*)
 .init_array    0x0801c208        0x4 c:/program files (x86)/gnu tools arm embedded/5.4 2016q2/bin/../lib/gcc/arm-none-eabi/5.4.1/armv7-m/crtbegin.o
                0x0801c20c                PROVIDE (__init_array_end, .)

.fini_array     0x0801c20c        0x4
                0x0801c20c                PROVIDE (__fini_array_start, .)
 *(.fini_array*)
 .fini_array    0x0801c20c        0x4 c:/program files (x86)/gnu tools arm embedded/5.4 2016q2/bin/../lib/gcc/arm-none-eabi/5.4.1/armv7-m/crtbegin.o
 *(SORT(.fini_array.*))
                0x0801c210                PROVIDE (__fini_array_end, .)
                0x0801c210                _sidata = .

.data           0x20000000      0x944 load address 0x0801c210
                0x20000000                . = ALIGN (0x4)
                0x20000000                _sdata = .
 *(.data)
 *(.data*)
 .data.impure_data
                0x20000000      0x428 c:/program files (x86)/gnu tools arm embedded/5.4 2016q2/bin/../lib/gcc/arm-none-eabi/5.4.1/../../../../arm-none-eabi/lib/armv7-m\libc.a(lib_a-impure.o)
 .data._impure_ptr
                0x20000428        0x4 c:/program files (x86)/gnu tools arm embedded/5.4 2016q2/bin/../lib/gcc/arm-none-eabi/5.4.1/../../../../arm-none-eabi/lib/armv7-m\libc.a(lib_a-impure.o)
                0x20000428                _impure_ptr
 .data.port.5226
                0x2000042c        0x2 ..\obj\tcp.o
 *fill*         0x2000042e        0x2 
 .data.iss.5387
                0x20000430        0x4 ..\obj\tcp.o
 .data.tx_msg   0x20000434       0x17 ..\obj\appinit.o
                0x20000434                tx_msg
 *fill*         0x2000044b        0x1 
 .data.tx_coordmsg
                0x2000044c       0x36 ..\obj\appinit.o
                0x2000044c                tx_coordmsg
 *fill*         0x20000482        0x2 
 .data.tx_poll_msg
                0x20000484        0xc ..\obj\appinit.o
                0x20000484                tx_poll_msg
 .data.SystemCoreClock
                0x20000490        0x4 ..\obj\system_stm32f10x.o
                0x20000490                SystemCoreClock
 .data.USBD_DCD_INT_cb
                0x20000494       0x2c ..\obj\usbd_core.o
                0x20000494                USBD_DCD_INT_cb
 .data.USBD_DCD_INT_fops
                0x200004c0        0x4 ..\obj\usbd_core.o
                0x200004c0                USBD_DCD_INT_fops
 .data.config   0x200004c4        0xc ..\obj\main.o
 .data.Slot_data
                0x200004d0       0x14 ..\obj\main.o
                0x200004d0                Slot_data
 .data.APBAHBPrescTable
                0x200004e4       0x10 ..\obj\stm32f10x_rcc.o
 .data.ADCPrescTable
                0x200004f4        0x4 ..\obj\stm32f10x_rcc.o
 .data.__fdlib_version
                0x200004f8        0x1 c:/program files (x86)/gnu tools arm embedded/5.4 2016q2/bin/../lib/gcc/arm-none-eabi/5.4.1/../../../../arm-none-eabi/lib/armv7-m\libm.a(lib_a-s_lib_ver.o)
                0x200004f8                __fdlib_version
 *fill*         0x200004f9        0x3 
 .data.lconv    0x200004fc       0x38 c:/program files (x86)/gnu tools arm embedded/5.4 2016q2/bin/../lib/gcc/arm-none-eabi/5.4.1/../../../../arm-none-eabi/lib/armv7-m\libc.a(lib_a-locale.o)
 .data.__malloc_av_
                0x20000534      0x408 c:/program files (x86)/gnu tools arm embedded/5.4 2016q2/bin/../lib/gcc/arm-none-eabi/5.4.1/../../../../arm-none-eabi/lib/armv7-m\libc.a(lib_a-mallocr.o)
                0x20000534                __malloc_av_
 .data.__malloc_trim_threshold
                0x2000093c        0x4 c:/program files (x86)/gnu tools arm embedded/5.4 2016q2/bin/../lib/gcc/arm-none-eabi/5.4.1/../../../../arm-none-eabi/lib/armv7-m\libc.a(lib_a-mallocr.o)
                0x2000093c                __malloc_trim_threshold
 .data.__malloc_sbrk_base
                0x20000940        0x4 c:/program files (x86)/gnu tools arm embedded/5.4 2016q2/bin/../lib/gcc/arm-none-eabi/5.4.1/../../../../arm-none-eabi/lib/armv7-m\libc.a(lib_a-mallocr.o)
                0x20000940                __malloc_sbrk_base
                0x20000944                . = ALIGN (0x4)
                0x20000944                _edata = .

.jcr            0x20000944        0x0 load address 0x0801cb54
 .jcr           0x20000944        0x0 c:/program files (x86)/gnu tools arm embedded/5.4 2016q2/bin/../lib/gcc/arm-none-eabi/5.4.1/armv7-m/crtbegin.o

.igot.plt       0x20000944        0x0 load address 0x0801cb54
 .igot.plt      0x20000944        0x0 c:/program files (x86)/gnu tools arm embedded/5.4 2016q2/bin/../lib/gcc/arm-none-eabi/5.4.1/armv7-m/crtbegin.o
                0x20000944                . = ALIGN (0x4)

.bss            0x20000948     0xd314 load address 0x0801cb58
                0x20000948                _sbss = .
                0x20000948                __bss_start__ = _sbss
 *(.bss)
 .bss           0x20000948       0x1c c:/program files (x86)/gnu tools arm embedded/5.4 2016q2/bin/../lib/gcc/arm-none-eabi/5.4.1/armv7-m/crtbegin.o
 *(.bss*)
 .bss.ram_heap  0x20000964     0x1014 ..\obj\mem.o
 .bss.ram       0x20001978        0x4 ..\obj\mem.o
 .bss.ram_end   0x2000197c        0x4 ..\obj\mem.o
 .bss.lfree     0x20001980        0x4 ..\obj\mem.o
 .bss.mem_sem   0x20001984        0x1 ..\obj\mem.o
 *fill*         0x20001985        0x3 
 .bss.inseg     0x20001988       0x14 ..\obj\tcp_in.o
 .bss.tcphdr    0x2000199c        0x4 ..\obj\tcp_in.o
 .bss.iphdr     0x200019a0        0x4 ..\obj\tcp_in.o
 .bss.seqno     0x200019a4        0x4 ..\obj\tcp_in.o
 .bss.ackno     0x200019a8        0x4 ..\obj\tcp_in.o
 .bss.flags     0x200019ac        0x1 ..\obj\tcp_in.o
 *fill*         0x200019ad        0x1 
 .bss.tcplen    0x200019ae        0x2 ..\obj\tcp_in.o
 .bss.recv_flags
                0x200019b0        0x1 ..\obj\tcp_in.o
 *fill*         0x200019b1        0x3 
 .bss.recv_data
                0x200019b4        0x4 ..\obj\tcp_in.o
 .bss.tx_final_msg
                0x200019b8       0x18 ..\obj\appinit.o
                0x200019b8                tx_final_msg
 .bss.frame_seq_nb
                0x200019d0        0x1 ..\obj\appinit.o
                0x200019d0                frame_seq_nb
 *fill*         0x200019d1        0x3 
 .bss.status_reg
                0x200019d4        0x4 ..\obj\appinit.o
                0x200019d4                status_reg
 .bss.dist_str  0x200019d8       0x28 ..\obj\appinit.o
                0x200019d8                dist_str
 .bss.dist_     0x20001a00       0x32 ..\obj\appinit.o
                0x20001a00                dist_
 *fill*         0x20001a32        0x2 
 .bss.memp_tab  0x20001a34       0x24 ..\obj\memp.o
 .bss.memp_memory
                0x20001a58     0x468b ..\obj\memp.o
 .bss.connect_flag
                0x200060e3        0x1 ..\obj\TCP_CLIENT.o
                0x200060e3                connect_flag
 .bss.reassdatagrams
                0x200060e4        0x4 ..\obj\ip_frag.o
 .bss.ip_reass_pbufcount
                0x200060e8        0x2 ..\obj\ip_frag.o
 *fill*         0x200060ea        0x2 
 .bss.buf       0x200060ec      0x5e0 ..\obj\ip_frag.o
 .bss.dw1000local
                0x200066cc       0x90 ..\obj\deca_device.o
 .bss.LocalTime
                0x2000675c        0x4 ..\obj\main.o
                0x2000675c                LocalTime
 .bss.AreaCoord
                0x20006760       0xd8 ..\obj\main.o
                0x20006760                AreaCoord
 .bss.CoordResult_Arr
                0x20006838       0x90 ..\obj\main.o
                0x20006838                CoordResult_Arr
 .bss.SwitchAreaCoord
                0x200068c8      0x120 ..\obj\main.o
                0x200068c8                SwitchAreaCoord
 .bss.UnderCellOneCoord
                0x200069e8       0x60 ..\obj\main.o
                0x200069e8                UnderCellOneCoord
 .bss.arp_table
                0x20006a48       0xc8 ..\obj\etharp.o
 .bss.etharp_cached_entry
                0x20006b10        0x1 ..\obj\etharp.o
 .bss.netifnum.4814
                0x20006b11        0x1 ..\obj\netif.o
 *fill*         0x20006b12        0x2 
 .bss.heap_end.9249
                0x20006b14        0x4 ..\obj\syscalls.o
 .bss.USBD_ep_status